C_ACCEPT_CONTRACT = 33927
C_ACCEPT_FRIEND = 44557
C_ACCEPT_GUILD_APPLY = 39230
C_ACTIVATE_CARD_COMBINE_LIST = 63430
C_ADD_CRYSTAL_COMBINE_MATERIAL = 36847
C_ADD_FRIEND = 60598
C_ADD_FRIEND_GROUP = 20129
C_ADD_INTER_PARTY_MATCH_POOL = 40174
C_ADD_ITEM_TO_VM_BUY_BASKET = 49013
C_ADD_ITEM_TO_VM_SELL_BASKET = 20391
C_ADD_TELEPORT_TO_POS_LIST = 30517
C_ADD_TRADE_BAG = 43926
C_ADMIN = 57356
C_ADMIN_ADD_CUSTOM_BOOKMARK = 63857
C_ADMIN_CHAT_BAN = 48432
C_ADMIN_CHECK_USERNAME = 43277
C_ADMIN_GET_DUNGEON_USER_LIST = 31051
C_ADMIN_GET_USER_INFO_BY_DBID = 32520
C_ADMIN_GET_USER_INFO_LIST_BY_DISTANCE = 36021
C_ADMIN_GMEVENT_NOTICE = 64959
C_ADMIN_GMEVENT_OFF = 50004
C_ADMIN_GMEVENT_OX_QUIZ_NEXT_QUIZ = 40996
C_ADMIN_GMEVENT_OX_QUIZ_NEXT_REPE_QUIZ = 58416
C_ADMIN_GMEVENT_STATUS = 43696
C_ADMIN_GMEVENT_USER_KICK = 48574
C_ADMIN_GMEVENT_USER_SUMMON = 23316
C_ADMIN_GM_MAPTELEPORT = 54980
C_ADMIN_GM_SKILL = 23595
C_ADMIN_GM_TELEPORT = 42694
C_ADMIN_HOLD_CHARACTER = 56428
C_ADMIN_KILL_NPC = 57843
C_ADMIN_LOBBY = 64440
C_ADMIN_REMOVE_CUSTOM_BOOKMARK = 45395
C_ADMIN_REMOVE_NPC = 47606
C_ADMIN_REQUEST_CUSTOM_BOOKMARK = 46063
C_ADMIN_REQUEST_DEFAULT_BOOKMARK = 65034
C_ADMIN_REQUEST_USERACTION = 41982
C_ADMIN_REQUEST_USERINFO = 55968
C_ADMIN_SPAWN_NPC = 28028
C_ADMIN_VANISH_PET = 31178
C_ADMIN_WARNING_MESSAGE = 59911
C_ANSWER_BANNING_PARTY_MEMBER = 25591
C_ANS_QUEST_SHARE = 40845
C_APPLY_GUILD = 51102
C_APPLY_INVEN_POCKET_SORT = 49731
C_APPLY_PARTY = 35865
C_APPLY_TITLE = 36735
C_ARRIVE_AT_JUMPGEAR_DESTINATION = 50295
C_ASK_HANCOIN_AMOUNT = 26346
C_ASK_INTERACTIVE = 23866
C_AVAILABLE_EVENT_MATCHING_LIST = 47572
C_AWESOMIUM_WEB_COUNTING = 55074
C_BANISH_GUILD_MEMBER = 26358
C_BAN_FROM_GROUP_DUEL = 32659
C_BAN_PARTY_MEMBER = 60428
C_BATTLE_FIELD_BOARD_REQUEST = 25245
C_BATTLE_FIELD_CANCEL_OCCUPATION = 26680
C_BATTLE_FIELD_HELP = 26253
C_BATTLE_FIELD_MAP_ALARM = 31749
C_BATTLE_FIELD_POINT_STORE_BUY_ADD_BASKET = 64154
C_BATTLE_FIELD_POINT_STORE_BUY_DEL_BASKET = 47763
C_BATTLE_FIELD_POINT_STORE_COMMIT = 30786
C_BATTLE_FIELD_REWARD = 23849
C_BATTLE_FIELD_START_OCCUPATION = 28187
C_BETTING_TRY = 38717
C_BIND_ITEM_BEGIN_PROGRESS = 56819
C_BIND_ITEM_EXECUTE = 49502
C_BLOCK_USER = 30204
C_BOARD_ITEM_LIST = 42831
C_BROADCAST_CLIMBING = 59103
C_BUY_INGAMESTORE_MONEYPRODUCT = 34467
C_BUY_INGAMESTORE_TCATPRODUCT = 31527
C_BUY_VILLAGER_BUFF = 22034
C_CANCEL_CHANGE_USER_APPEARANCE = 34506
C_CANCEL_CONTRACT = 56704
C_CANCEL_DELETE_USER = 64331
C_CANCEL_DUNGEON_RETRY = 44477
C_CANCEL_EXIT = 60158
C_CANCEL_FIX_VEHICLE = 52612
C_CANCEL_LOCKON_TARGET = 47717
C_CANCEL_PENDING = 27705
C_CANCEL_PREPARE_CHANGE_USER_APPEARANCE = 31988
C_CANCEL_QUEST = 48446
C_CANCEL_RETURN_TO_LOBBY = 63229
C_CANCEL_REVIVE = 53673
C_CANCEL_SELECT_CHANNEL = 24808
C_CANCEL_SKILL = 60353
C_CAN_CREATE_USER = 47327
C_CAN_LOCKON_TARGET = 31387
C_CAST_FISHING_ROD = 34353
C_CHANGE_CARD_PRESET = 38171
C_CHANGE_CHANNEL_PASSWORD = 21658
C_CHANGE_CHARACTER = 26913
C_CHANGE_EQUIP_PRESET = 34953
C_CHANGE_FRIEND_MEMO = 55846
C_CHANGE_GROUP_DUEL_SETTING = 53625
C_CHANGE_GUILDGROUP = 62882
C_CHANGE_GUILDNAME = 61989
C_CHANGE_GUILD_CHIEF = 59525
C_CHANGE_ITEM_COLORING_POTION = 46577
C_CHANGE_ITEM_PASSIVE_LIST = 47531
C_CHANGE_LOOKS_PREMIUM_TRY = 63940
C_CHANGE_LOOKS_SERVANT = 27693
C_CHANGE_MY_PROFILE = 52657
C_CHANGE_MY_STATE = 44521
C_CHANGE_PARTY_MANAGER = 36236
C_CHANGE_PARTY_MEMBER_AUTHORITY = 53868
C_CHANGE_POCKET_NAME = 26409
C_CHANGE_SERVANT_CONDITIONAL_SKILL = 60835
C_CHANGE_SERVANT_NAME = 58458
C_CHANGE_USER_LOBBY_SLOT_ID = 30503
C_CHANGE_USER_NAME = 38831
C_CHANGE_VM_MODE = 27653
C_CHAT = 27753
C_CHAT_REPORT = 42223
C_CHECK_CHANGE_GUILDNAME = 55734
C_CHECK_EVENT_MATCHING_LIST_CHECKBOX = 43692
C_CHECK_EVENT_SYSTEM_REWARD = 62793
C_CHECK_TO_DECLARE_GUILD_WAR = 47105
C_CHECK_TO_OPPOSITE_DECLARE_GUILD_WAR = 21647
C_CHECK_TO_READY_PARTY = 59892
C_CHECK_TO_READY_PARTY_ANSWER = 61781
C_CHECK_USERNAME = 35681
C_CHECK_VERSION = 19900
C_CITY_WAR_INFO_HISTROY = 65212
C_CITY_WAR_SEASON_HISTROY = 51389
C_CLEAR_SEND_PARCEL = 55279
C_CLOSE_SEND_PARCEL = 61071
C_CLOSE_VM = 32106
C_COLLECTION_PICKEND = 28623
C_COLLECTION_PICKSTART = 27659
C_COMBINE_ITEM = 57224
C_COMMIT_ACCESSORY_TRANSFORM = 40537
C_COMMIT_CHANGE_USER_APPEARANCE = 54423
C_COMMIT_FACE_BONE_DATA = 21858
C_COMMIT_INGAME_CHANGE_USER_APPEARANCE = 33526
C_COMMIT_VM_TRADE = 62363
C_COMPLETE_DAILY_EVENT = 38086
C_COMPLETE_EXTRA_EVENT = 54639
C_COMPLETE_QUEST = 59862
C_CONFIRM_EVENT_SYSTEM = 43323
C_CONFIRM_INVITE_CODE = 63072
C_CONFIRM_SERVANT_AUTO_FEED_INFO = 42376
C_CONFIRM_SERVANT_AUTO_POTION_INFO = 47389
C_CONFIRM_UPDATE_NOTIFICATION = 38938
C_CREATE_GROUP_DUEL = 44654
C_CREATE_GUILDGROUP = 31272
C_CREATE_PRIVATE_CHANNEL = 29239
C_CREATE_USER = 23093
C_CREST_APPLY = 61408
C_CREST_APPLY_LIST = 25987
C_CREST_DISAPPLY_ALL = 52892
C_CRYSTAL_COMBINE_EXECUTE = 65410
C_CURRENT_CHANNEL = 42227
C_CUSTOM_USER_CUSTOMIZING = 49201
C_DEACTIVATE_CARD_COMBINE_LIST = 21842
C_DECLARE_GUILD_WAR = 60540
C_DECOMPOSE_REGISTER_ITEM = 29767
C_DECOMPOSE_UNREGISTER_ITEM = 57433
C_DELETE_COUPON = 53034
C_DELETE_FRIEND = 61916
C_DELETE_FRIEND_GROUP = 38821
C_DELETE_PARCEL = 30513
C_DELETE_SERVANT = 32805
C_DELETE_SERVANT_ABILITY = 42292
C_DELETE_TELEPORT_TO_POS_LIST = 41238
C_DELETE_USER = 40828
C_DELIVERY_STORE_ADD_BASKET = 27694
C_DELIVERY_STORE_COMMIT = 34260
C_DELIVERY_STORE_DEL_BASKET = 24404
C_DEL_CRYSTAL_COMBINE_MATERIAL = 45113
C_DEL_INTER_PARTY_MATCH_POOL = 37351
C_DEL_ITEM = 62942
C_DESPAWN_BUILD_OBJECT = 47751
C_DESTROY_GUILD = 62364
C_DIALOG = 56687
C_DIALOG_EVENT = 47279
C_DISMISS_PARTY = 45017
C_DISTRIBUTOR_ANSWER = 22935
C_DUEL_CANCEL = 31120
C_DUNGEON_CLEAR_COUNT_LIST = 45750
C_DUNGEON_COOL_TIME_LIST = 65032
C_DUNGEON_RANK_RECORD_LIST = 21011
C_DUNGEON_RANK_SEASON_LIST = 47503
C_DUNGEON_SUMMON_PARTY = 55813
C_DUNGEON_UI_OPENED = 55776
C_DUNGEON_WORK_ENTER = 60700
C_DUNGEON_WORK_LEAVE = 28026
C_DUNGEON_WORK_POINT_STORE_BUY_ADD_BASKET = 54164
C_DUNGEON_WORK_POINT_STORE_BUY_DEL_BASKET = 42105
C_DUNGEON_WORK_POINT_STORE_COMMIT = 37762
C_DUNGEON_WORK_RETRY = 25707
C_EDIT_BLOCKED_USER_MEMO = 21569
C_EDIT_FRIEND_GROUP = 20835
C_EDIT_PRIVATE_CHANNEL = 64333
C_ENCHANTER_USE = 38847
C_END_CLIMBING = 33200
C_END_CUSTOMIZING_PARTS_SHAPE = 30013
C_END_FISHING_MINIGAME = 28366
C_END_ITEM_BIDDING = 42608
C_END_MOVIE = 34012
C_END_RESTORE_CUSTOMIZING_PARTS_SHAPE = 39579
C_ENTER_BATTLE_FIELD = 50602
C_ENTER_DUNGEON = 28864
C_ENTER_SCENARIO_DUNGEON = 23196
C_ENTER_TELEPORTTERRITORY = 35519
C_EQUIPMENT_ENCHANT_SCROLL_USE = 42532
C_EQUIP_SERVANT_ITEM = 29001
C_EVENT_GUIDE = 41161
C_EVENT_MATCHING_BATTLEFIELD_DETAIL_INFO = 54457
C_EVENT_MATCHING_DUNGEON_DETAIL_INFO = 25315
C_EXIT = 51062
C_EXPAND_INVEN_POCKET = 55084
C_EXTEND_PARTY = 32344
C_FACIAL_ATTACHMENT = 51394
C_FIELD_EVENT_BAN = 54997
C_FINDNAME = 33965
C_FLOATING_CASTLE_PARTS_STORE_BUY_ADD_BASKET = 43626
C_FLOATING_CASTLE_PARTS_STORE_BUY_DEL_BASKET = 38683
C_FLOATING_CASTLE_PARTS_STORE_COMMIT = 53732
C_GACHA_CANCEL = 63831
C_GACHA_TRY = 53348
C_GAMBLE_CANCEL = 26982
C_GAMBLE_CHANGE_BET_ITEM = 43616
C_GAMBLE_GO = 35166
C_GAMBLE_STOP = 42592
C_GAMBLE_TRY = 26016
C_GET_ATTENDANCE_REWARD = 31687
C_GET_EVENT_DETAIL = 20333
C_GET_EVENT_SYSTEM_REWARD = 33618
C_GET_GUILD_HISTORY = 40669
C_GET_GUILD_QUEST_WEEKLY_REWARD = 47116
C_GET_GUILD_WARE_HISTORY = 30174
C_GET_IN_SHUTTLE = 37448
C_GET_OUT_SHUTTLE = 64639
C_GET_USER_GUILD_LOGO = 57384
C_GET_USER_LIST = 44230
C_GET_WARE_ITEM = 55194
C_GIVE_UP_GUILD_WAR = 27035
C_GMEVENT_LEAVE_EVENT = 48026
C_GMEVENT_MOVE_TO_STADIUM = 62504
C_GMEVENT_OX_REPE_QUIZ_ANSWER = 35069
C_GROUP_DUEL_ADD_BETTING_ITEM = 63721
C_GROUP_DUEL_BETTING = 43437
C_GROUP_DUEL_BETTING_MONEY = 54027
C_GROUP_DUEL_CHANGE_REPRESENT = 64984
C_GROUP_DUEL_DEL_BETTING_ITEM = 26510
C_GROUP_DUEL_RECORD = 38315
C_GUARD_PK_POLICY = 32753
C_GUILD_APPLY_LIST = 28901
C_GUILD_APPLY_LIST_PAGE = 34686
C_GUILD_STORE_BUY_ADD_BASKET = 49269
C_GUILD_STORE_BUY_DEL_BASKET = 40726
C_GUILD_STORE_COMMIT = 57873
C_HARDWARE_INFO = 26916
C_HIT_USER_PROJECTILE = 38163
C_INGAME_CHANGE_USER_APPEARANCE_CANCEL = 29995
C_INGAME_CHANGE_USER_APPEARANCE_TRY = 52434
C_INVALID_BUILD_VERSION = 61874
C_INVITE_FRIEND_CODE = 41072
C_INVITE_USER_TO_GUILD = 52481
C_ITEMSYNTHESIZER_REQUEST_CANCEL = 50792
C_ITEMSYNTHESIZER_REQUEST_MATERIAL = 61439
C_ITEMSYNTHESIZER_REQUEST_START = 45372
C_ITEM_COLORING_ADD_ITEM = 27971
C_ITEM_COLORING_REMOVE_ITEM = 33381
C_ITEM_COLORING_SET_COLOR = 30495
C_JOIN_GROUP_DUEL = 38321
C_JOIN_PRIVATE_CHANNEL = 63620
C_KICK_CHANNEL_MEMBER = 61761
C_LEARN_EP_PERK = 48586
C_LEAVE_GROUP_DUEL = 36388
C_LEAVE_GUILD = 47123
C_LEAVE_PARTY = 26376
C_LEAVE_PRIVATE_CHANNEL = 57992
C_LEAVE_TELEPORTTERRITORY = 27633
C_LIST_CHANNEL = 45060
C_LIST_PARCEL = 57370
C_LOAD_EP_INFO = 38030
C_LOAD_TOPO_FIN = 36303
C_LOGIN_ARBITER = 57024
C_LORD_CALC_TAX = 42735
C_LORD_CANDIDATE_LIST = 47470
C_LORD_CANDIDATE_PLEDGE = 63451
C_LORD_CHANGE_GREETINGS = 43275
C_LORD_CHANGE_POLICY = 57432
C_LORD_GUARD_INFO = 43001
C_LORD_RANK_INFO = 39224
C_LORD_REGISTER = 46868
C_LORD_REGISTER_INFO = 62849
C_LORD_TAX_SET = 29680
C_LORD_VOTE = 55889
C_LORD_VOTE_CANDIDATE_LIST = 56050
C_MAIN_MENU_COMMAND_EXEC = 38569
C_MEDAL_STORE_BUY_ADD_BASKET = 21373
C_MEDAL_STORE_BUY_DEL_BASKET = 38003
C_MEDAL_STORE_COMMIT = 35576
C_MEET_BOSS_INFO = 45607
C_MERGE_ITEM = 58530
C_MERGE_ITEM_EXECUTE = 59470
C_MERGE_PARTY_TO_RAID = 39674
C_MOUNT_CARD = 37571
C_MOUNT_VEHICLE_EX = 44275
C_MOVE_ITEM = 23994
C_MOVE_SLOT_IN_GROUP_DUEL = 62757
C_MOVE_WARE_POS = 33657
C_NOTIFY_LOCATION_IN_ACTION = 57134
C_NOTIFY_LOCATION_IN_DASH = 46602
C_NOTIFY_LOCATION_IN_REACTION = 29558
C_NOTIFY_SPIRIT_LOCATION_IN_ACTION = 65449
C_NOTIMELINE_SKILL = 24538
C_NPCGUILD_LIST = 50601
C_NPC_CONTACT = 60045
C_OPEN_GUILD_WAR_WINDOW = 41160
C_OPPOSITE_DECLARE_GUILD_WAR = 25744
C_OP_COMMAND = 37374
C_PARCEL_REPORT = 24342
C_PARTY_APPLICATION_DENIED = 20517
C_PARTY_LOOTING_METHOD = 55556
C_PARTY_LOOTING_METHOD_VOTE = 61414
C_PARTY_MARKER = 44701
C_PARTY_MATCH_WINDOW_CLOSED = 31061
C_PAY_WAREHOUSE_COMMISION = 47527
C_PETITION_CANCEL = 37307
C_PETITION_CHAT_USER_MESSAGE = 53118
C_PETITION_CHECK_CREATABLE = 34591
C_PETITION_CHECK_SURVEYABLE = 49816
C_PETITION_COMPLETE_CONFIRM = 47482
C_PETITION_CREATE = 20820
C_PETITION_FEEDBACK = 40173
C_PET_EQUIP = 46525
C_PET_INCUBATOR_GET = 51057
C_PET_INCUBATOR_PUT = 33804
C_PET_INCUBATOR_START = 38219
C_PET_INCUBATOR_TAKEALL = 55383
C_PET_LEVEL_UP_ITEM_ADD_TO_LIST = 43855
C_PET_LEVEL_UP_ITEM_REMOVE_FROM_LIST = 65108
C_PET_ORB_ATTACH = 39758
C_PET_ORB_DELETE = 20097
C_PET_REPAIR = 52364
C_PET_UNEQUIP = 27394
C_PLAYER_FLYING_LOCATION = 51046
C_PLAYER_LOCATION = 24439
C_PLAY_TIME = 30405
C_POINT_STORE_BUY_ADD_BASKET = 21293
C_POINT_STORE_BUY_DEL_BASKET = 43901
C_POINT_STORE_COMMIT = 42134
C_POLITICS_POINT_STORE_BUY_ADD_BASKET = 48313
C_POLITICS_POINT_STORE_BUY_DEL_BASKET = 37768
C_POLITICS_POINT_STORE_COMMIT = 20685
C_PONG = 57061
C_PRECONFIRM_INVITE_CODE = 45583
C_PREMIUM_COMPOSE_ADD_ITEM = 34138
C_PREMIUM_COMPOSE_CANCEL = 55040
C_PREMIUM_COMPOSE_DEL_ITEM = 41921
C_PREMIUM_COMPOSE_RESET = 38451
C_PREMIUM_COMPOSE_TRY = 55982
C_PREPARE_WORKOBJECT = 37918
C_PRESS_SKILL = 46371
C_PREVIEW_ITEM = 23444
C_PROMOTION_CANCEL = 63092
C_PROMOTION_INFO = 28094
C_PROMOTION_RESET = 26506
C_PROMOTION_START = 28888
C_PURCHASE_PROD = 30003
C_PUT_INTO_PRISON = 64702
C_PUT_WARE_ITEM = 37812
C_QUERY_COIN = 24063
C_RECEIVE_COLLECTION_BOOK_REWARD = 57822
C_RECEIVE_FREE_STYLE_SHOP_ITEMS = 45712
C_RECEIVE_PLAYTIME_EVENT_REWARD = 44041
C_RECOMMEND_GUILD = 43916
C_RECOMMEND_USER_GUILD = 23774
C_RECV_PARCEL = 41117
C_RECV_PARCEL_ALL = 21122
C_RECV_PARCEL_EX = 41640
C_REGISTER_COMBINE_ITEM = 44497
C_REGISTER_ENCHANT_ITEM = 47528
C_REGISTER_EVOLUTION_ITEM = 50251
C_REGISTER_PARTY_INFO = 32349
C_REGISTER_REPAIR_ITEM = 57692
C_REGISTER_VM_BUY_ITEM = 33768
C_REGISTER_VM_SELL_ITEM = 40703
C_REGIST_CUSTOMIZING_PARTS_SHAPE_ITEM = 61868
C_REIGN_INFO = 63216
C_REJECT_CONTRACT = 63431
C_REJECT_INVITE_USER_TO_GUILD = 57032
C_RELEASE_FROM_PRISON = 61923
C_REMOVE_BLOCKED_USER = 26047
C_REMOVE_COLORING_POTION = 54452
C_REMOVE_GUILDGROUP = 51659
C_REMOVE_ITEM_FROM_VM_BUY_BASKET = 56504
C_REMOVE_ITEM_FROM_VM_SELL_BASKET = 51284
C_RENAME_TELEPORT_TO_POS_LIST = 53403
C_REPLY_INTER_PARTY_MAKE = 33119
C_REPLY_TELEPORT = 59912
C_REPLY_TELEPORT_NEAR_TOWN = 56160
C_REPLY_TELEPORT_WALK_THROUGH = 60399
C_REPLY_THROUGH_ARBITER_CONTRACT = 26761
C_REQUEST_ABILITY_TRANSFER = 59909
C_REQUEST_ACCESSORY_COST_INFO = 43127
C_REQUEST_ACHIEVEMENT_LIST = 32647
C_REQUEST_ARENA_BETTING_INFO = 55457
C_REQUEST_BATTLE_FIELD_CHAT_BAN = 41360
C_REQUEST_BATTLE_FIELD_PARTY_MARKER = 20988
C_REQUEST_BATTLE_FIELD_PARTY_MARKER_CLEAR = 34220
C_REQUEST_BOSS_GAGE_INFO = 41669
C_REQUEST_BUY_VIP_STORE_ITEM = 28422
C_REQUEST_CANCEL_GUILD_QUEST = 48720
C_REQUEST_CANDIDATE_LIST = 49608
C_REQUEST_CHANGE_CHARACTER_NAME = 31638
C_REQUEST_CHANGE_DUAL_OPTION_IDX = 34023
C_REQUEST_CHANGE_LOOKS_SERVANT = 51131
C_REQUEST_CHANGE_PARTY_MATCH_RULE = 55584
C_REQUEST_CITY_WAR_MAP_INFO = 21374
C_REQUEST_CLIENT_CHAT_OPTION_SETTING = 41962
C_REQUEST_CLIENT_UI_SETTING = 50173
C_REQUEST_CONTRACT = 26438
C_REQUEST_COOLTIME_TO_JOIN_GUILD = 64096
C_REQUEST_COUPON_DATA = 50316
C_REQUEST_COUPON_LIST = 40618
C_REQUEST_DEMOLISH_GUILD_TOWER = 40779
C_REQUEST_DEMOLIST_GUILD_TOWER_POPUP = 44311
C_REQUEST_DESPAWN_SERVANT = 35457
C_REQUEST_DICE_THROW = 47524
C_REQUEST_DUNGEON_WORK_LIST = 53414
C_REQUEST_ENCHANT = 58497
C_REQUEST_ENTER_VIP_DUNGEON = 59059
C_REQUEST_EQUIPMENT_INHERITANCE = 23930
C_REQUEST_EVENT_MATCHING_TELEPORT = 43956
C_REQUEST_EVOLUTION = 46794
C_REQUEST_FIELD_POINT_REWARD = 50567
C_REQUEST_FINISH_GUILD_QUEST = 41829
C_REQUEST_FLOATING_CASTLE_PARTS_COOL_TIME = 25519
C_REQUEST_FLY_MOVE_INFO = 49176
C_REQUEST_GAMESTAT_PING = 60119
C_REQUEST_GUILD_FLAG_IMAGE_DATA = 57472
C_REQUEST_GUILD_INCENTIVE = 37215
C_REQUEST_GUILD_INFO = 45333
C_REQUEST_GUILD_INFO_BEFORE_APPLY_GUILD = 35006
C_REQUEST_GUILD_LEVEL_RANKING = 45971
C_REQUEST_GUILD_LIST = 56229
C_REQUEST_GUILD_LIST_PAGE = 62798
C_REQUEST_GUILD_LIST_SORT = 54869
C_REQUEST_GUILD_PERK_LIST = 59381
C_REQUEST_GUILD_WANTED_WRITING_LIST = 45658
C_REQUEST_GUILD_WANTED_WRITING_LIST_PAGE = 41476
C_REQUEST_GUILD_WAR_PENALTY_INFO = 28799
C_REQUEST_IMAGE_DATA = 57852
C_REQUEST_INCREASE_CARD_PRESET = 37585
C_REQUEST_INGAMESTORE_PRODUCT_DETAIL = 24742
C_REQUEST_INGAMESTORE_PRODUCT_LIST = 28673
C_REQUEST_INVITE_GUILD_LIST = 27004
C_REQUEST_INVITE_GUILD_LIST_PAGE = 55777
C_REQUEST_ITEM_COLORING_VALUE = 24270
C_REQUEST_LATEST_UPDATE_NOTIFICATION = 40170
C_REQUEST_LEARN_GUILD_PERK = 51877
C_REQUEST_MEGAPHONE = 23650
C_REQUEST_MENTO_REWARD = 31799
C_REQUEST_MY_ACTIVATE_CARD_COMBINE_LIST_DATA = 31748
C_REQUEST_MY_PARTY_MATCH_INFO = 50967
C_REQUEST_NAME_PREEMPTION = 33523
C_REQUEST_NONDB_ITEM_INFO = 22505
C_REQUEST_ONGOING_FIELD_EVENT_LIST = 28487
C_REQUEST_OPEN_DUAL_OPTION = 52734
C_REQUEST_OPEN_DUAL_OPTION_MATERIAL_INFO = 25070
C_REQUEST_OTHERS_ACTIVATE_CARD_COMBINE_LIST_DATA_WITH_GAMEID = 37528
C_REQUEST_OTHERS_CARD_DATA = 60966
C_REQUEST_OTHERS_CARD_DATA_WITH_GAMEID = 43249
C_REQUEST_PARTY_INFO = 58896
C_REQUEST_PARTY_MATCH_INFO = 40826
C_REQUEST_PARTY_MATCH_INFO_PAGE = 52387
C_REQUEST_PARTY_MATCH_LINK = 36917
C_REQUEST_PET_CONSUME_EXP_ITEM = 21222
C_REQUEST_PLAYTIME = 64993
C_REQUEST_PRIVATE_CHANNEL_INFO = 21107
C_REQUEST_PVE_RANKING = 33398
C_REQUEST_PVP_RANKING = 26043
C_REQUEST_QUEST_BACKUP_ITEM = 56644
C_REQUEST_RECV_DAILY_TOKEN = 47426
C_REQUEST_RENAME_GUILD = 20739
C_REQUEST_RENEW_ALL_PARTS_ITEM = 32849
C_REQUEST_REPAIR_ITEM = 23896
C_REQUEST_REPUTATION_STORE_TELEPORT = 64417
C_REQUEST_RESET_EPPERK = 31035
C_REQUEST_RESET_VIP_STORE = 57221
C_REQUEST_RET_VILLAGE_INFO = 23472
C_REQUEST_RIGHT_ITEM_LIST = 31402
C_REQUEST_ROUND_PVE_SKILL_LIST = 29314
C_REQUEST_SELL_LIST = 40081
C_REQUEST_SEREN_GUIDE = 51100
C_REQUEST_SERVANT_AUTO_FEED_INFO = 49188
C_REQUEST_SERVANT_AUTO_POTION_INFO = 54804
C_REQUEST_SERVANT_COMPOSE = 63696
C_REQUEST_SERVANT_EVOLUTION = 39321
C_REQUEST_SERVANT_INFO_LIST = 58767
C_REQUEST_SERVANT_LEVEL_UP = 46578
C_REQUEST_SERVER_ADMINTOOL_AWESOMIUM_URL = 25228
C_REQUEST_SET_GUILD_WANTED_WRITING = 21207
C_REQUEST_SHARE_QUEST = 33972
C_REQUEST_SPAWN_SERVANT = 54621
C_REQUEST_STACK_ATTENDANCE_EVENT_INFO_UPDATE = 28143
C_REQUEST_STACK_ATTENDANCE_EVENT_REWARD = 62074
C_REQUEST_START_GUILD_QUEST = 46873
C_REQUEST_TOKEN_TARGET_ITEM = 33973
C_REQUEST_UPDATE_ANNOUNCE = 48754
C_REQUEST_UPDATE_INTRODUCE = 61254
C_REQUEST_USABLE_CHARACTER_NAME = 50962
C_REQUEST_USABLE_GUILD_NAME = 40727
C_REQUEST_USER_ITEMLEVEL_INFO = 58422
C_REQUEST_USER_PAPERDOLL_INFO = 21193
C_REQUEST_USER_PAPERDOLL_INFO_WITH_GAMEID = 56008
C_REQUEST_VIP_STORE_ITEM_LIST = 35590
C_REQUEST_VIP_SYSTEM_INFO = 34716
C_REQUEST_WRITE_BOARD = 55714
C_RESET_ALL_DUNGEON = 50219
C_RESPONSE_SPAWN_DROPITEM = 61933
C_RETURN_PARCEL = 65146
C_RETURN_TO_LOBBY = 55168
C_RETURN_USER_GIFT = 40164
C_REUQUEST_JOINED_CHANNEL_LIST = 20799
C_REVIVE_NOW = 31360
C_REWRITE_ITEM_STRING = 40705
C_RIDE_PEGASUS = 48149
C_ROLLBACK_QUEST = 51631
C_ROUND_PVE_SKILL_SELECT = 45145
C_RQ_ADD_ITEM_TO_DECOMPOSITION_CONTRACT = 53021
C_RQ_COMMIT_DECOMPOSITION_CONTRACT = 29891
C_RQ_DEL_ITEM_FROM_DECOMPOSITION_CONTRACT = 40967
C_RQ_SKILL_POLISHING_CHANGE_OPTION = 59056
C_RQ_SKILL_POLISHING_EXP_INFO = 59010
C_RQ_SKILL_POLISHING_LIST = 50054
C_RQ_SKILL_POLISHING_UNLOCK_OPTION = 50768
C_RQ_SKILL_POLISHING_UPGRADE_LEVEL = 33358
C_RQ_START_SOCIAL_ON_PROGRESS_DECOMPOSITION = 46005
C_RQ_UPDATE_ITEM_TO_DECOMPOSITION_CONTRACT = 38745
C_SAVE_CLIENT_ACCOUNT_SETTING = 42512
C_SAVE_CLIENT_CHAT_OPTION_SETTING = 51282
C_SAVE_CLIENT_UI_SETTING = 41478
C_SAVE_CLIENT_USER_SETTING = 64171
C_SECOND_PASSWORD_AUTH = 52096
C_SECOND_PASSWORD_REGISTER = 26105
C_SELECT_CHANNEL = 29904
C_SELECT_EVENT_MATCHING = 50527
C_SELECT_USER = 32713
C_SEND_PARCEL = 36806
C_SEND_UI_LOG = 25865
C_SERVANT_ABILITY = 52344
C_SERVER_TIME = 36783
C_SETTLE_UP_BUY_VM = 33647
C_SETTLE_UP_SELL_VM = 52211
C_SET_GUILDGROUP_AUTHORITY = 27569
C_SET_GUILD_JOIN_CONDITION = 37322
C_SET_INVEN_POCKET_GET_FILTER = 27568
C_SET_ITEM_STRING = 25400
C_SET_RECIPE_BOOKMARK = 35072
C_SET_SEND_PARCEL_ITEM = 49468
C_SET_SEND_PARCEL_MONEY = 42208
C_SET_SEND_PARCEL_TYPE = 60894
C_SET_SERVANT_SEQUENCE = 45554
C_SET_TARGET_INFO = 52515
C_SET_VISIBLE_RANGE = 45319
C_SHARE_USER_PING = 62836
C_SHOW_AWESOMIUMWEB_SHOP = 56750
C_SHOW_GUILD_QUEST_LIST = 26055
C_SHOW_ITEMLIST = 61624
C_SHOW_ITEM_TOOLTIP_EX = 59907
C_SHOW_NAME_PLATE_ICON = 21760
C_SHOW_PARCEL_MESSAGE = 54616
C_SHOW_PETMANAGER = 55672
C_SHOW_QUEST_INFO_DIALOG = 31873
C_SHOW_STYLE = 34852
C_SHOW_TRADE_ITEM = 46667
C_SHOW_TRADE_LOG = 30159
C_SIMPLE_TIP_DONT_REPEAT = 63156
C_SIMPLE_TIP_REPEAT_CHECK = 30028
C_SKILL_LEARN_LIST = 30580
C_SKILL_LEARN_REQUEST = 25759
C_SOCIAL = 26802
C_SPAWN_BUILD_OBJECT = 30033
C_START_CLIMBING = 57878
C_START_COMBO_INSTANT_SKILL = 44091
C_START_COMMANDER_SKILL = 64676
C_START_DECOMPOSE = 62572
C_START_ENCHANT = 22101
C_START_EVOLUTION = 24465
C_START_FISHING_MINIGAME = 25258
C_START_FIX_SPIRIT = 32783
C_START_FIX_VEHICLE = 57984
C_START_GUILD_SKILL = 57439
C_START_INSTANCE_SKILL = 30266
C_START_INSTANCE_SKILL_EX = 45627
C_START_PRODUCE = 20031
C_START_REPAIR_ITEM = 38702
C_START_SERVANT_ACTIVE_SKILL = 32048
C_START_SKILL = 32064
C_START_SKILL_BY_VEHICLE_EX = 47376
C_START_TARGETED_SKILL = 51732
C_START_VM_BUY = 31885
C_START_VM_SELL = 60400
C_STOP_FISHING = 32361
C_STOP_VM = 65081
C_STORE_BUY_ADD_BASKET = 42157
C_STORE_BUY_DEL_BASKET = 61669
C_STORE_COMMIT = 58029
C_STORE_SELL_ADD_BASKET = 50652
C_STORE_SELL_DEL_BASKET = 42992
C_STR_EVALUATE_LIST = 47324
C_STYLE_SHOP_BUY_REPUTATION_ITEM = 27814
C_STYLE_SHOP_BUY_TCAT_ITEM = 63743
C_SUGGEST_DARK_RIFT_PARTY_MATCHING = 23409
C_SURVEY_ANSWER = 30234
C_SWAP_PARTY = 26830
C_TELEPORT_DARK_RIFT = 54883
C_TELEPORT_TO_CAMP = 32458
C_TELEPORT_TO_POS = 62408
C_TELEPORT_TO_VILLAGE = 42230
C_TEL_CAMP = 28565
C_TOGGLE_GROUP_DUEL_READY = 45878
C_TOGGLE_GROUP_DUEL_SLOT = 65375
C_TOGGLE_TASK_INFO_WINDOW = 35497
C_TRADE_BAG_CLOSE = 20966
C_TRADE_BAG_DONE = 27745
C_TRADE_BROKER_BOUGHT_ITEM_LIST = 62350
C_TRADE_BROKER_BUY_IT_NOW = 24561
C_TRADE_BROKER_CALC_BOUGHT_ITEM = 55831
C_TRADE_BROKER_CALC_SOLD_ITEM = 57633
C_TRADE_BROKER_CLOSE = 27578
C_TRADE_BROKER_DEAL_CONFIRM = 55486
C_TRADE_BROKER_DEAL_PRICE_UPDATE = 20667
C_TRADE_BROKER_HIGHEST_ITEM_LEVEL = 30083
C_TRADE_BROKER_HISTORY_ITEM_LIST_NEW = 27296
C_TRADE_BROKER_HISTORY_ITEM_LIST_PAGE = 30089
C_TRADE_BROKER_HISTORY_ITEM_LIST_SORT = 47307
C_TRADE_BROKER_INPUT_PRICE = 33036
C_TRADE_BROKER_REGISTERED_ITEM_LIST = 43651
C_TRADE_BROKER_REGISTER_ITEM = 51593
C_TRADE_BROKER_REJECT_SUGGEST = 56781
C_TRADE_BROKER_SOLD_ITEM_LIST = 30862
C_TRADE_BROKER_SUGGEST_DEAL = 59435
C_TRADE_BROKER_UNREGISTER_ITEM = 62915
C_TRADE_BROKER_WAITING_ITEM_LIST_NEW = 55551
C_TRADE_BROKER_WAITING_ITEM_LIST_PAGE = 44942
C_TRADE_BROKER_WAITING_ITEM_LIST_SORT = 21996
C_TRANSFER_VEHICLE_EX = 46304
C_TRY_ITEM_BIDDING = 25247
C_TRY_LOOT_DROPITEM = 50486
C_TRY_NPC_INTERACTION = 21319
C_TRY_TELEPORT_FIELD_EVENT = 48761
C_TW_SPYWARE = 27112
C_UNBIND_ITEM = 57593
C_UNEQUIP_ITEM = 30673
C_UNEQUIP_SERVANT_ITEM = 34346
C_UNLOCK_POCKET = 40636
C_UNMOUNT_CARD = 44166
C_UNMOUNT_VEHICLE = 36111
C_UNREGISTER_COMBINE_ITEM = 40229
C_UNREGISTER_ENCHANT_ITEM = 23307
C_UNREGISTER_EVOLUTION_ITEM = 48230
C_UNREGISTER_PARTY_INFO = 56205
C_UNREGISTER_REPAIR_ITEM = 28545
C_UNREGISTER_VM_BUY_ITEM = 58400
C_UNREGISTER_VM_SELL_ITEM = 44178
C_UNREGIST_CUSTOMIZING_PARTS_SHAPE_ITEM = 36548
C_UPDATE_AFK_STATUS = 29571
C_UPDATE_CONTENTS_PLAYTIME = 30082
C_UPDATE_FRIEND_INFO = 53546
C_UPDATE_GUILD_FLAG = 30164
C_UPDATE_GUILD_LOGO = 45363
C_UPDATE_MY_DESCRIPTION = 27514
C_UPDATE_REACTION_POS = 50812
C_UPDATE_SKILL_SCRIPT = 25658
C_USER_AIM = 61171
C_USER_AIM_TO = 32207
C_USER_REPORT = 49264
C_USE_COUPON = 61806
C_USE_ITEM = 45072
C_USE_JUMPGEAR = 51066
C_USE_PREMIUM_SLOT = 44073
C_USE_RIGHT_ITEM = 20972
C_USE_SERVANT_FEED_ITEM = 60663
C_VEHICLEEX_LOCATION = 42780
C_VEHICLE_EX_ARROW_HIT = 62736
C_VIEW_BATTLEFIELD_STORE = 48109
C_VIEW_BATTLE_FIELD_RESULT = 20323
C_VIEW_DUNGEONWORK_STORE = 56492
C_VIEW_GUILD_WAR = 37573
C_VIEW_INTER_PARTY_MATCH_BATTLEFIELD_LIST = 59184
C_VIEW_INTER_PARTY_MATCH_DUNGEON_LIST = 22447
C_VIEW_PARTY_INVITE = 60952
C_VIEW_WARE = 31818
C_VISIT_NEW_SECTION = 48377
C_VOTE_DISMISS_PARTY = 48396
C_VOTE_HISTORY = 44118
C_VOTE_RESET_ALL_DUNGEON = 60937
C_WAREHOUSE_AUTO_SORT = 55511
C_WATCHED_MOVIES = 21706
C_WHISPER = 25928
C_WITHDRAW_GUILD_WAR = 57841
C_WRITE_BOARD = 22379
I_CLOSE_SERVER_CONNECTION = 22
I_GFX_ADMIN_COMMAND = 18
I_GFX_COMMAND = 17
I_INPUT_COMMAND = 19
I_MOVE_KEY = 20
I_SKILL_KEY = 21
I_SPAWN_BARRACK_CHARACTER = 1
I_TELEPORT = 0
S_ABNORMALITY_BEGIN = 46777
S_ABNORMALITY_DAMAGE_ABSORB = 22113
S_ABNORMALITY_END = 27917
S_ABNORMALITY_EXTRA = 46242
S_ABNORMALITY_FAIL = 24055
S_ABNORMALITY_REFRESH = 32034
S_ABNORMALITY_RESIST = 30235
S_ABNORMALITY_SCALE_UP = 23401
S_ACCEPT_CONTRACT = 37892
S_ACCOMPLISH_ACHIEVEMENT = 52803
S_ACCOUNT_BENEFIT_LIST = 63625
S_ACCOUNT_PACKAGE_LIST = 26633
S_ACTION_END = 40461
S_ACTION_STAGE = 59383
S_ACTIVATE_BATTLE_FIELD_CHAT_BAN = 34163
S_ACTIVATE_CARD_COMBINE_LIST = 59834
S_ACTIVATE_CARD_COMBINE_LIST_DATA = 37859
S_ADD_AWAKEN_CHANGE_DATA = 40347
S_ADD_AWAKEN_ENCHANT_DATA = 38312
S_ADD_BLOCKED_USER = 28666
S_ADD_CRYSTAL_COMBINE_MATERIAL = 48305
S_ADD_FRIEND = 61406
S_ADD_GUILD_GROUP = 41758
S_ADD_GUILD_MEMBER = 55514
S_ADD_INTER_PARTY_MATCH_POOL = 54684
S_ADD_NEW_EVENT_MATCHING_QUEST = 58843
S_ADD_TRADE_BAG = 21221
S_ADMIN_CHECK_USERNAME = 35637
S_ADMIN_CUSTOM_BOOKMARK_LIST = 24161
S_ADMIN_DEFAULT_BOOKMARK_LIST = 32191
S_ADMIN_DELETE_QUEST = 30640
S_ADMIN_GET_DUNGEON_USER_LIST = 22631
S_ADMIN_GET_USERINFO_INVEN = 42140
S_ADMIN_GET_USERINFO_SKILL = 25901
S_ADMIN_GET_USERINFO_WAREHOUSE = 46623
S_ADMIN_GET_USER_INFO_BY_DBID = 28727
S_ADMIN_GET_USER_INFO_LIST_BY_DISTANCE = 21834
S_ADMIN_GMEVENT_STATUS = 21591
S_ADMIN_GM_SKILL = 62424
S_ADMIN_HOLD_CHARACTER = 42283
S_ADMIN_NOTICE = 54219
S_ADMIN_PRIVILEGE = 31087
S_ADMIN_VIP_TEST = 23092
S_ADMIN_WARNING_MESSAGE = 47032
S_AERO = 45633
S_AIR_REACTION_END = 61918
S_ANNOUNCE_MESSAGE = 44656
S_ANNOUNCE_UPDATE_NOTIFICATION = 59051
S_ANSWER_INTERACTIVE = 49852
S_APPLY_TITLE = 34826
S_ARENA_END_FIGHT = 62120
S_ARENA_FIGHTER_CHANGE_HP = 32181
S_ARENA_FIGHT_ABNORMALITY_BEGIN = 53013
S_ARENA_FIGHT_ABNORMALITY_END = 53628
S_ARENA_FIGHT_ABNORMALITY_REFRESH = 24797
S_ARENA_OPTIMIZATION = 60859
S_ARENA_RESULT = 57194
S_ARENA_START_FIGHT = 53991
S_ARRIVE_AT_JUMPGEAR_DESTINATION = 48611
S_ARTISAN_RECIPE_LIST = 48653
S_ARTISAN_SKILL_LIST = 28675
S_ASK_BANNING_PARTY_MEMBER = 57811
S_ASK_BIDDING_RARE_ITEM = 41698
S_ASK_CODE_HASH = 21110
S_ASK_INTER_PARTY_MAKE = 27111
S_ASK_QUEST_SHARE = 47112
S_ASK_TELEPORT = 65407
S_ATTENDANCE_EVENT_REWARD_COUNT = 22211
S_AVAILABLE_EVENT_MATCHING_LIST = 48220
S_AVAILABLE_SOCIAL_LIST = 24656
S_AWAKEN_RESULT = 29724
S_BAN_PARTY = 32311
S_BAN_PARTY_MEMBER = 31105
S_BASE_POINT_BATTLE_FIELD_NODEPOINT_INFO = 35936
S_BATTLE_FIELD_ADD_SCORE = 63166
S_BATTLE_FIELD_CANCEL_OCCUPATION = 51312
S_BATTLE_FIELD_CHANGE_NPC_HP_EVENT = 33409
S_BATTLE_FIELD_CHAT_BAN_INFO = 25881
S_BATTLE_FIELD_END_OCCUPATION = 26976
S_BATTLE_FIELD_ENTRANCE_INFO = 34643
S_BATTLE_FIELD_HELP = 64673
S_BATTLE_FIELD_JACKPOT_EVENT_START = 62553
S_BATTLE_FIELD_MAP_ALARM = 22929
S_BATTLE_FIELD_NODEPOINT_GAUGE_INFO = 20463
S_BATTLE_FIELD_NPC_KILL_EVENT = 35303
S_BATTLE_FIELD_PARTY_MARKER = 59657
S_BATTLE_FIELD_PARTY_MARKER_CLEAR = 28984
S_BATTLE_FIELD_POINT_STORE_BASKET = 55360
S_BATTLE_FIELD_POINT_STORE_SELL_LIST = 62265
S_BATTLE_FIELD_RESULT = 36830
S_BATTLE_FIELD_SCORE = 59233
S_BATTLE_FIELD_START_OCCUPATION = 27726
S_BATTLE_FIELD_STATE = 50519
S_BATTLE_FIELD_STRONGHOLD_EVENT = 40859
S_BATTLE_FIELD_STRONGHOLD_NONE_STATE = 56754
S_BATTLE_FIELD_STRONGHOLD_STATE = 48441
S_BATTLE_FIELD_TEAM_MEMBERS_POS_INFO = 38966
S_BATTLE_FIELD_USER_ASSIST_EVENT = 40613
S_BATTLE_FIELD_USER_KILL_EVENT = 62002
S_BATTLE_FIELD_USER_KILL_MESSAGE = 45946
S_BATTLE_FIELD_USER_LOAD_INFO = 43594
S_BATTLE_FIELD_USER_OCCUPIABLE_ENTER = 32069
S_BATTLE_FIELD_USER_OCCUPIABLE_LEAVE = 21300
S_BEGIN_THROUGH_ARBITER_CONTRACT = 34249
S_BETTING_INFO = 20579
S_BETTING_START = 40044
S_BOARD_ITEM_LIST = 31952
S_BONFIRE_CHARM_ADDED = 24780
S_BONFIRE_CHARM_BURNED = 20334
S_BONFIRE_STATUS = 60228
S_BOSS_BATTLE_INFO = 35680
S_BOSS_GAGE_INFO = 33423
S_BOSS_GAGE_PRIORITY = 31370
S_BOSS_GAGE_STACK_INFO = 30984
S_BREAK_SHIELD = 53423
S_BREAK_SHIELD_END = 64740
S_BROADCAST_CLIMBING = 65264
S_BROADCAST_FLOATING_CASTLE_INFO = 39167
S_BROADCAST_FLOATING_CASTLE_NAMEPLATE = 52429
S_BROCAST_GUILD_FLAG = 36359
S_BROCAST_UPDATE_GUILD_FLAG = 30733
S_BUY_INGAMESTORE_MONEYPRODUCT = 49863
S_BUY_VIP_STORE_ITEM_SUCCESS = 42191
S_BYE_PET = 55416
S_CAMERA_SHAKE = 37361
S_CANCEL_CONTRACT = 62283
S_CANCEL_DELETE_USER = 62970
S_CANCEL_EXIT = 38122
S_CANCEL_PARTY_LOOTING_METHOD_VOTE = 46691
S_CANCEL_PARTY_MATCH_POOL = 37620
S_CANCEL_PARTY_MEMBER_BAN = 60174
S_CANCEL_PREPARE_CHANGE_USER_APPEARANCE = 29992
S_CANCEL_QUEST_SHARE = 45741
S_CANCEL_RETURN_TO_LOBBY = 45536
S_CANCEL_SELECT_CHANNEL = 39337
S_CANCEL_VOTE_DISMISS_PARTY = 54803
S_CANCEL_VOTE_RESET_ALL_DUNGEON = 31487
S_CANNON_BATTLE_FIELD_BOARD = 48856
S_CANNON_BATTLE_FIELD_CRASH_DOOR = 45425
S_CANNON_BATTLE_FIELD_GUARDTOWER_STATUS = 33518
S_CANNON_BATTLE_FIELD_STRONGHOLD_INFO = 60448
S_CANNOT_EQUIP_SAMEKIND = 21226
S_CANNOT_START_SKILL = 30200
S_CANNOT_USE_CHAT_CHANNEL = 60058
S_CANT_FLY_ANYMORE = 58997
S_CAN_CREATE_USER = 46409
S_CAN_DUNGEON_RETRY = 24782
S_CAN_LOCKON_TARGET = 44354
S_CARD_COLLECTION_BOOK_LEVEL_UP = 47636
S_CARD_DATA = 61785
S_CARD_DATA_RESET = 39922
S_CAST_FISHING_ROD = 21353
S_CHANGE_CARD_PRESET = 53147
S_CHANGE_CHARACTER = 45236
S_CHANGE_CITY_WAR_STATE = 27473
S_CHANGE_DESTPOS_PROJECTILE = 59066
S_CHANGE_EP_EXP_DAILY_LIMIT = 40308
S_CHANGE_EP_POINT = 39204
S_CHANGE_EVENT_MATCHING_STATE = 54426
S_CHANGE_FREE_FIGHT_BATTLE_FIELD_RANKING = 23768
S_CHANGE_FRIEND_PROFILE = 32670
S_CHANGE_FRIEND_STATE = 44294
S_CHANGE_GUILDNAME = 57769
S_CHANGE_GUILD_CHIEF = 36841
S_CHANGE_ITEM_PASSIVE_LIST = 57582
S_CHANGE_LOOKS_PREMIUM_RESULT = 48001
S_CHANGE_LOOKS_PREMIUM_START = 29908
S_CHANGE_LOOKS_SERVANT = 37595
S_CHANGE_LOOT_ITEM_AMOUNT = 48150
S_CHANGE_MODE = 62225
S_CHANGE_NAME_STRING = 31459
S_CHANGE_PARTY_MANAGER = 50034
S_CHANGE_PARTY_MEMBER_AUTHORITY = 61348
S_CHANGE_PK_INFO = 33138
S_CHANGE_POCKET_NAME = 59407
S_CHANGE_RELATION = 64749
S_CHANGE_SERVANT_CONDITIONAL_SKILL = 42650
S_CHANGE_SERVANT_ENERGY = 53335
S_CHANGE_SERVANT_NAME = 40012
S_CHANGE_USER_NAME_RESULT = 49378
S_CHANGE_VOICE_USE_QAC = 45221
S_CHAPTERHOUSE_QUEST_LIST = 37326
S_CHAT = 35339
S_CHAT_REPORT = 62234
S_CHECK_CHANGE_GUILDNAME = 52290
S_CHECK_EVENT_SYSTEM_REWARD = 46507
S_CHECK_NEW_GUILDNAME = 39185
S_CHECK_TO_DECLARE_GUILD_WAR = 32857
S_CHECK_TO_OPPOSITE_DECLARE_GUILD_WAR = 55876
S_CHECK_TO_READY_PARTY = 38629
S_CHECK_TO_READY_PARTY_FIN = 31898
S_CHECK_USERNAME = 52599
S_CHECK_VERSION = 19901
S_CITYWAR_WARNING_UNDERATTACK = 61555
S_CITY_WAR_INFO_HISTROY = 58189
S_CITY_WAR_NPC_INFO = 25286
S_CITY_WAR_NPC_KILL = 36235
S_CITY_WAR_SEASON_HISTROY = 25776
S_CLEAR_ALL_HOLDED_ABNORMALITY = 29367
S_CLEAR_QUEST_INFO = 32407
S_CLEAR_WORLD_QUEST_VILLAGER_INFO = 55715
S_CLIENT_COMMAND = 43363
S_CLOSE_VM_SETTING_WINDOW = 31163
S_COLLECTION_PICKEND = 29830
S_COLLECTION_PICKSTART = 43709
S_COMBO_START = 33661
S_COMMAND_HELP = 30553
S_COMMIT_ACCESSORY_TRANSFORM_RESULT = 60471
S_COMPLETED_MISSION_INFO = 33215
S_COMPLETE_CHRONOSCROLL_USE = 29816
S_COMPLETE_EVENT_MATCHING_QUEST = 23845
S_COMPLETE_LOOP_QUEST = 34372
S_COMPLETE_QUEST = 31726
S_COMPLETE_VOTE = 36896
S_CONFIRM_INVITE_CODE = 37079
S_CONFIRM_INVITE_CODE_BUTTON = 33476
S_CONFIRM_SERVANT_AUTO_FEED_INFO = 55407
S_CONFIRM_SERVANT_AUTO_POTION_INFO = 20642
S_CONNECT_SKILL_ARROW = 56290
S_CONTENTS_TIMER = 20206
S_CONTRACT_PET_LEVEL_UP_ITEM_LIST_UPDATE = 31013
S_CONTROL_DOOR = 52501
S_COUNTDOWN_GROUP_DUEL = 57383
S_COUPON_DATA = 38052
S_COUPON_LIST = 59264
S_COUPON_NOTIFY = 29875
S_CREATE_CHARACTER_RESTRICTION = 41544
S_CREATE_GUILD_RESULT = 22492
S_CREATE_USER = 27060
S_CREATURE_CHANGE_HP = 34560
S_CREATURE_LIFE = 47967
S_CREATURE_ROTATE = 40939
S_CREST_APPLY = 39296
S_CREST_ASK_DISAPPLY_ALL = 53679
S_CREST_CHANGE_FAIL = 33058
S_CREST_INFO = 20917
S_CREST_MESSAGE = 31507
S_CREST_UPGRADE_INFO = 21048
S_CRYSTAL_COMBINE_RESULT = 62620
S_CURRENT_CHANNEL = 65269
S_CURRENT_ELECTION_STATE = 49903
S_CURR_FLY_MOVE_INFO = 38622
S_CUSTOMIZING_PARTS_SHAPE_ITEM_LIST = 63521
S_CUSTOM_MESSAGE = 29566
S_CUSTOM_STYLE_SYSTEM_MESSAGE = 39397
S_DAILY_QUEST_COMPLETE_COUNT = 37576
S_DARK_RIFT_ALL_DESPAWN_WORLD_NOTI = 51657
S_DARK_RIFT_AVAILABLE_QUEST_USER_COUNT = 46741
S_DARK_RIFT_CHANGE_AREA_WORLD_NOTI = 40820
S_DARK_RIFT_CLEAR_MAP_MARKER_WORLD_NOTI = 28483
S_DARK_RIFT_DEFENCE_OBJECT_CHANGE_HP = 49203
S_DARK_RIFT_DEFENCE_OBJECT_INIT = 59888
S_DARK_RIFT_DESPAWN_WORLD_NOTI = 43722
S_DARK_RIFT_DESTORY_OBJECT = 55095
S_DARK_RIFT_JOIN_LIST = 64318
S_DARK_RIFT_MAIN_DEFENCE_CHANGE_HP = 53081
S_DARK_RIFT_PROGRESS_STEP_WORLD_NOTI = 63346
S_DARK_RIFT_QUEST_INFO = 44588
S_DARK_RIFT_REWARD_RESULT = 56331
S_DARK_RIFT_SPAWN_WORLD_NOTI = 31767
S_DARK_RIFT_SYNC_TIME = 21156
S_DEACTIVATE_CARD_COMBINE_LIST = 28519
S_DEAD_LOCATION = 58046
S_DECOMPOSE_REGISTERED_ITEM = 50494
S_DECO_UI_INFO = 20509
S_DECREASE_COOLTIME_SKILL = 52579
S_DEFAULT_ANIM_CHANGE = 31363
S_DEFEND_SUCCESS = 39480
S_DELETE_ALL_PRODUCT = 50746
S_DELETE_AWAKEN_CHANGE_DATA = 55257
S_DELETE_AWAKEN_ENCHANT_DATA = 50342
S_DELETE_FRIEND = 36289
S_DELETE_GUILD_TOWER_MY_GUILD = 30586
S_DELETE_NPC_FROM_MAP = 59692
S_DELETE_PARCEL = 55026
S_DELETE_QUEST = 47708
S_DELETE_SERVANT = 48857
S_DELETE_USER = 31342
S_DELIVERY_STORE_BASKET = 53120
S_DELIVERY_STORE_ITEM = 61163
S_DEL_CRYSTAL_COMBINE_MATERIAL = 52348
S_DEL_INTER_PARTY_MATCH_POOL = 51520
S_DEL_TRADE_BAG = 21702
S_DESPAWN_BONFIRE = 49570
S_DESPAWN_BUILD_OBJECT = 35042
S_DESPAWN_COLLECTION = 53324
S_DESPAWN_DOOR = 51177
S_DESPAWN_DROPITEM = 44840
S_DESPAWN_EVENT_SEED = 63910
S_DESPAWN_GAMBLE_BOX = 25521
S_DESPAWN_NPC = 36790
S_DESPAWN_PET = 43940
S_DESPAWN_PROJECTILE = 35486
S_DESPAWN_SHUTTLE = 56272
S_DESPAWN_STATUE = 45969
S_DESPAWN_USER = 32901
S_DESPAWN_WORKOBJECT = 51789
S_DESTROY_GUILD = 59618
S_DESTROY_GUILD_TOWER = 31981
S_DIALOG = 44136
S_DIALOG_CLOSE = 57466
S_DIALOG_EVENT = 50501
S_DIRECTION_WEAKNESS_BEGIN = 32268
S_DIRECTION_WEAKNESS_END = 23030
S_DISTRIBUTOR_DATA = 41506
S_DONE_TEL_CAMP = 27287
S_DUEL_END = 62381
S_DUEL_START = 25101
S_DUEL_TAG = 64419
S_DUEL_TIME = 56253
S_DUNGEON_ADDITIONAL_WORK_UI = 63262
S_DUNGEON_CAMERA_SET = 41520
S_DUNGEON_CHANGE_NPC_ANIM = 21118
S_DUNGEON_CHANGE_NPC_ANIMSET = 52697
S_DUNGEON_CHANGE_NPC_CYLINDER = 20457
S_DUNGEON_CLEAR = 22148
S_DUNGEON_CLEAR_COUNT_LIST = 29580
S_DUNGEON_CONSOLE_EVENT = 46335
S_DUNGEON_COOL_TIME_LIST = 59988
S_DUNGEON_EVENT_GAGE = 50451
S_DUNGEON_EVENT_MESSAGE = 46302
S_DUNGEON_GUIDE_OFF = 51358
S_DUNGEON_GUIDE_ON = 33531
S_DUNGEON_JACKPOT_EVENT_START = 21529
S_DUNGEON_LOOK_AT_NPC = 38846
S_DUNGEON_NEWBIE = 58419
S_DUNGEON_RANK_END_POINT = 52378
S_DUNGEON_RANK_END_TIME = 31803
S_DUNGEON_RANK_MESSAGE = 61303
S_DUNGEON_RANK_RECORD_LIST = 47049
S_DUNGEON_RANK_SEASON_LIST = 48811
S_DUNGEON_RECORD_INFO = 55336
S_DUNGEON_STATUS = 23584
S_DUNGEON_SUMMON_PARTY = 22182
S_DUNGEON_TIMER = 39001
S_DUNGEON_UI_HIGHLIGHT = 50495
S_DUNGEON_VEHICLE_REPAIRABLE = 22499
S_DUNGEON_VISIBLE_BG = 33609
S_DUNGEON_WORK_ENTER = 46164
S_DUNGEON_WORK_LIST = 59292
S_DUNGEON_WORK_POINT_STORE_BASKET = 26441
S_DUNGEON_WORK_POINT_STORE_SELL_LIST = 64436
S_DUNGEON_WORK_RESULT = 62733
S_DUNGEON_WORK_UPDATE = 34438
S_DUNGEON_WORK_UPDATE_MEDAL_COUNT = 22758
S_EACH_SKILL_RESULT = 25233
S_EMITTER = 45436
S_EMITTER_SET_Z = 51799
S_EMPTY_GUILD_WINDOW = 35344
S_ENABLE_DISABLE_SELLABLE_ITEM_LIST = 61884
S_ENCHANT_BOOSTER_DROP_ITEM = 40031
S_ENCHANT_BOOSTER_REGISTER_ITEM = 36877
S_ENCHANT_BOOSTER_STATUS = 21455
S_ENCHANT_BOOSTER_SUCCESS = 55951
S_ENCHANT_SCROLL_RESULT = 62697
S_END_CHANGE_USER_APPEARANCE = 41703
S_END_CHAT_BAN = 42867
S_END_CUSTOMIZING_PARTS_SHAPE = 41116
S_END_DARKRIFT_USER_HP = 38337
S_END_DRIVE_AIRSHIP = 39628
S_END_FIX_SPIRIT = 22537
S_END_FIX_VEHICLE = 57070
S_END_LEVEL_COMPENSATION = 30743
S_END_PEGASUS = 42130
S_END_PRODUCE = 35990
S_END_PRODUCT_SALE_INFO = 48147
S_END_RESTORE_CUSTOMIZING_PARTS_SHAPE = 39301
S_END_STACK_ATTENDANCE_EVENT_INFO = 56251
S_END_STYLE_SHOP_MARK_PRODUCT = 39085
S_END_THROUGH_ARBITER_CONTRACT = 24931
S_END_USER_PROJECTILE = 38064
S_ENEMY_BATTLE_FIELD_COMMANDER_CHANGED = 59586
S_ENTER_CITY_WAR = 28592
S_ENTER_DUNGEON_POP_UP_REOPEN = 38803
S_EP_SYSTEM_DAILY_EVENT_EXP_ON_OFF = 54634
S_EQUIP_SERVANT_ITEM = 41782
S_EVENT_DIALOG = 52949
S_EVENT_GUIDE = 47561
S_EVENT_INFO = 33741
S_EVENT_MATCHING_BATTLEFIELD_DETAIL_INFO = 50442
S_EVENT_MATCHING_DUNGEON_DETAIL_INFO = 40090
S_EVENT_QUEST_SUMMARY = 26757
S_EXIT = 29644
S_F2P_PremiumUser_Permission = 40822
S_FACIAL_ATTACHMENT_BROADCAST = 22067
S_FAIL_ENCHANT = 58826
S_FAIL_GUILD_QUEST = 54262
S_FAIL_LOOT_NON_OWNERSHIP = 39137
S_FATIGABILITY_POINT = 60809
S_FEARMOVE_END = 31731
S_FEARMOVE_STAGE = 40465
S_FESTIVAL_LIST = 33771
S_FEUDAL_LORD_FLAG_INFO = 60548
S_FIELD_EVENT_CHANNEL_FULL_GUIDE = 50690
S_FIELD_EVENT_GUIDE = 35434
S_FIELD_EVENT_ON_ENTER = 41375
S_FIELD_EVENT_ON_LEAVE = 34404
S_FIELD_EVENT_PROGRESS_INFO = 29361
S_FIELD_EVENT_PROGRESS_TIMER = 60191
S_FIELD_EVENT_RANK_LIST = 56790
S_FIELD_POINT_INFO = 41668
S_FIELD_POINT_REWARD_INFO_LIST = 51459
S_FINDNAME = 27775
S_FINISH_GUILD_QUEST = 41807
S_FIN_BASE_POINT_BATTLE_FIELD = 40599
S_FIN_CANNON_BATTLE_FIELD = 40187
S_FIN_FREE_FIGHT_BATTLE_FIELD = 44586
S_FIN_INTER_PARTY_MATCH = 32121
S_FIN_KUMAS_BATTLE_FIELD = 64873
S_FIN_KUMAS_BOSS_BATTLE_FIELD = 62258
S_FIN_ROUND_PVE_BATTLE_FIELD = 61674
S_FIN_ROUND_PVE_ROUND = 43439
S_FIN_ROUND_PVP_BATTLE_FIELD = 39779
S_FIN_SNOW_EVENT_BATTLE_FIELD = 37876
S_FIN_STRONGHOLD_OCCUPATION_BATTLE_FIELD = 47958
S_FIN_WORLD_OF_TANK_BATTLE_FIELD = 63083
S_FISHING_BITE = 33970
S_FISHING_CATCH = 44949
S_FISHING_CATCH_FAIL = 44494
S_FISHING_STOP = 27019
S_FIX_SPIRIT_COMPLETE = 50002
S_FIX_SPIRIT_PROGRESS = 24591
S_FIX_VEHICLE_COMPLETE = 41508
S_FIX_VEHICLE_PROGRESS = 48889
S_FLOATING_CASTLE_PARTS_STORE_BASKET = 46390
S_FLOATING_CASTLE_PARTS_STORE_SELL_LIST = 20462
S_FONT_SWAP_INFO = 39043
S_FREENAMED_STATUS = 38148
S_FREE_FIGHT_BATTLE_FIELD_BOARD = 24596
S_FREE_FIGHT_BATTLE_FIELD_MY_WARPOINT_INFO = 52073
S_FRIEND_GROUP_LIST = 34358
S_FRIEND_LIST = 26822
S_GACHA_END = 45350
S_GACHA_START = 48321
S_GAMBLE_BEGIN = 56180
S_GAMBLE_CHANGE_BET_ITEM = 40527
S_GAMBLE_END = 44022
S_GAMBLE_RESULT = 60433
S_GATE_ATTACK_ALARM = 47765
S_GET_ATTENDANCE_REWARD = 63095
S_GET_EVENT_DETAIL = 23463
S_GET_IN_SHUTTLE = 37380
S_GET_OUT_SHUTTLE = 30257
S_GET_USER_GUILD_LOGO = 29487
S_GET_USER_LIST = 49178
S_GET_WARE_ITEM = 27927
S_GMEVENT_CONFIRM_LEAVE_EVENT = 60624
S_GMEVENT_END_EVENT = 42067
S_GMEVENT_ENTER_EVENT = 50997
S_GMEVENT_GUIDE_MESSAGE = 21565
S_GMEVENT_OFF_GUIDE_MESSAGE = 25350
S_GMEVENT_OX_QUIZ_OPEN = 55282
S_GMEVENT_OX_QUIZ_RESULT = 52757
S_GMEVENT_OX_QUIZ_USER_STATUS = 31516
S_GMEVENT_OX_REPE_QUIZ_OPEN = 44076
S_GMEVENT_OX_REPE_QUIZ_RESULT = 62469
S_GMEVENT_OX_RESURRECT_RESULT = 29671
S_GMEVENT_RECV_REWARD = 61404
S_GMEVENT_START_EVENT = 64728
S_GMEVENT_WRITE_EVENTBOARD = 32973
S_GRANT_SKILL = 27631
S_GROUP_DUEL_CURRENT_BETTING_ITEM = 37270
S_GROUP_DUEL_FIN = 46037
S_GROUP_DUEL_INIT = 41627
S_GROUP_DUEL_RECORD = 30830
S_GROUP_NPC_LOCATION = 36401
S_GUARDTOWER_ATTACK_ALARM = 42614
S_GUARD_PK_POLICY = 41202
S_GUILD_ACCOUNT_LIMIT_INFO_CHANGED = 37613
S_GUILD_ANNOUNCE = 41428
S_GUILD_APPLY_COUNT = 53367
S_GUILD_APPLY_LIST = 44253
S_GUILD_EMBLEM = 59117
S_GUILD_HISTORY = 49865
S_GUILD_INFO = 20032
S_GUILD_LEVEL_INFO_CHANGED = 48165
S_GUILD_LEVEL_RANKING_LIST = 64362
S_GUILD_MEMBER_LIST = 34048
S_GUILD_MONEY_INFO_CHANGED = 24847
S_GUILD_NAME = 58393
S_GUILD_PERK_LIST = 49645
S_GUILD_POINT_INFO_CHANGED = 45146
S_GUILD_QUEST_LIST = 52877
S_GUILD_STORE_BASKET = 48120
S_GUILD_STORE_SELL_LIST = 61448
S_GUILD_TOWER_INFO = 50843
S_GUILD_WARE_HISTORY = 26257
S_GUILD_WAR_PENALTY_INFO = 21747
S_HANCOIN_AMOUNT = 51617
S_HIDE_HP = 46484
S_HIT_COMBO = 62296
S_HOLD_ABNORMALITY_ADD = 45563
S_HOLD_ABNORMALITY_REMOVE = 46303
S_HUDDLE_ADDING = 43741
S_HUNTING_ZONE_EVENT_LIST = 36474
S_IMAGE_DATA = 42256
S_INCREASE_CARD_PRESET = 44035
S_INCREASE_SERVANT_STORAGE_COUNT = 20127
S_INGAMESHOP_CATEGORY_BEGIN = 49765
S_INGAMESHOP_CATEGORY_DATA = 58547
S_INGAMESHOP_CATEGORY_END = 29459
S_INGAMESHOP_PRODUCT_BEGIN = 60661
S_INGAMESHOP_PRODUCT_DATA = 35906
S_INGAMESHOP_PRODUCT_END = 40543
S_INGAMESHOP_PRODUCT_ITEMID = 53523
S_INGAMESHOP_PRODUCT_SUBPROD = 54195
S_INGAMESHOP_PRODUCT_TAG = 54658
S_INGAME_CHANGE_USER_APPEARANCE_CANCEL = 62552
S_INGAME_CHANGE_USER_APPEARANCE_START = 24318
S_INIT_BASE_POINT_BATTLE_FIELD = 24875
S_INIT_CANNON_BATTLE_FIELD = 57236
S_INIT_FREE_FIGHT_BATTLE_FIELD = 53301
S_INIT_KUMAS_BATTLE_FIELD = 47468
S_INIT_KUMAS_BOSS_BATTLE_FIELD = 31887
S_INIT_KUMAS_BOSS_INFO = 58753
S_INIT_ROUND_PVE_BATTLE_FIELD = 32726
S_INIT_ROUND_PVP_BATTLE_FIELD = 48028
S_INIT_SEREN_GUIDE = 53019
S_INIT_SNOW_EVENT_BATTLE_FIELD = 20448
S_INIT_STRONGHOLD_OCCUPATION_BATTLE_FIELD = 65391
S_INIT_WORLD_OF_TANK_BATTLE_FIELD = 36148
S_INSTANCE_ARROW = 53469
S_INSTANT_CATCH = 57120
S_INSTANT_DASH = 50773
S_INSTANT_MOVE = 36286
S_INSTANT_PULL = 51879
S_INSTANT_THROW = 61744
S_INTERACTION_RESULT = 58376
S_INTEREST_INFO = 24358
S_INVALID_BUILD_VERSION = 63028
S_INVEN_CHANGEDSLOT = 52071
S_INVEN_USERDATA = 27190
S_INVITE_CODE_EXPIRE_TIME = 30556
S_INVITE_COMPENSATION_GUIDE = 28935
S_INVITE_FRIEND_CODE = 22057
S_IS_LORD = 41943
S_IS_NOT_LORD = 40439
S_ITEMLIST = 50483
S_ITEMSYNTHESIZER_MATERIAL = 56052
S_ITEMSYNTHESIZER_RESULT = 42754
S_ITEM_COLORING_BAG = 35752
S_ITEM_CUSTOM_STRING = 23984
S_ITEM_DECOMPOSE = 31104
S_ITEM_EXPLOSION_RESULT = 32279
S_ITEM_TRANSFORM_DATA = 59719
S_JOIN_PRIVATE_CHANNEL = 36191
S_KUMAS_BATTLE_FIELD_BOARD = 49825
S_KUMAS_BATTLE_FIELD_LOOT_ITEM = 47906
S_KUMAS_BATTLE_FIELD_RESULT = 26828
S_KUMAS_BOSS_BATTLE_FIELD_BOARD = 36535
S_KUMAS_BOSS_BATTLE_FIELD_RESULT = 23145
S_KUMAS_BOSS_CHANGE_INFO = 54717
S_LEARN_EP_PERK = 28947
S_LEAVE_CITY_WAR = 50205
S_LEAVE_GUILD = 45277
S_LEAVE_PARTY = 37592
S_LEAVE_PARTY_MEMBER = 26236
S_LEAVE_PRIVATE_CHANNEL = 39791
S_LIST_CHANNEL = 50093
S_LIST_PARCEL = 37753
S_LIST_PARCEL_EX = 63347
S_LOADING_SCREEN_CONTROL_INFO = 61479
S_LOAD_ACHIEVEMENT_LIST = 57408
S_LOAD_CLIENT_ACCOUNT_SETTING = 26128
S_LOAD_CLIENT_USER_SETTING = 47290
S_LOAD_DUNGEON_SOUND_HINT = 44060
S_LOAD_EP_INFO = 44423
S_LOAD_HINT = 36468
S_LOAD_SKILL_SCRIPT_LIST = 34561
S_LOAD_TELEPORT_TO_POS_LIST = 38912
S_LOAD_TOPO = 57829
S_LOCKON_ARROW = 28998
S_LOCKON_YOU = 29131
S_LOGIN = 64698
S_LOGIN_ACCOUNT_INFO = 62252
S_LOGIN_ARBITER = 29782
S_LOGOUT_PARTY_MEMBER = 27059
S_LOOT_DROPITEM = 35209
S_LORD_CANDIDATE_LIST = 40665
S_LORD_CANDIDATE_PLEDGE = 48630
S_LORD_GUARD_INFO = 30627
S_LORD_OPEN_CANDIDATE_WINDOW = 58876
S_LORD_OPEN_REGISTER_WINDOW = 37511
S_LORD_OPEN_VOTE_WINDOW = 23227
S_LORD_POLICY_SET = 21818
S_LORD_RANK_INFO = 63537
S_LORD_REGISTER_INFO = 52305
S_LORD_TAX_SET = 32653
S_LORD_VOTE_CANDIDATE_LIST = 57386
S_MAIN_MENU_COMMAND = 21241
S_MASSTIGE_STATUS = 33133
S_MATERIAL_CHANGE = 36416
S_MATERIAL_PARAM_CHANGE = 55254
S_MEDAL_STORE_BASKET = 41406
S_MEDAL_STORE_SELL_LIST = 40670
S_MERGE_PARTY_TO_RAID = 25836
S_MINIGAME_END = 29745
S_MINIGAME_FAIL = 52025
S_MINIGAME_RANK_END_POINT = 37352
S_MINIGAME_START = 28776
S_MINIGAME_WAIT = 27790
S_MODIFY_INTER_PARTY_MATCH_POOL = 22767
S_MOUNT_CARD = 50539
S_MOUNT_VEHICLE = 62672
S_MOUNT_VEHICLE_EX = 27647
S_MOVE_DISTANCE_DELTA = 63435
S_MOVE_SHUTTLE = 65134
S_MUTE = 38550
S_MY_DESCRIPTION = 40947
S_MY_PARTY_MATCH_INFO = 36922
S_NAME_PREEMPTION_EVENT_INFO = 42734
S_NEED_WAREHOUSE_COMMISION = 48721
S_NEW_GOLD_RACE_INFO = 62527
S_NOCTAN_VARIATION_INFO = 63939
S_NOTIFY_ACTIVE_BUILD_TERRITORY_STATE = 41035
S_NOTIFY_BATTLE_FIELD_CHAT_BAN = 55210
S_NOTIFY_BATTLE_FIELD_NPC_DESPAWN = 36368
S_NOTIFY_BATTLE_FIELD_NPC_SPAWN = 37161
S_NOTIFY_DISCONNECT_BY_LEVEL_LIMIT = 29544
S_NOTIFY_GUILD_QUEST_URGENT = 54778
S_NOTIFY_GUILD_WAR_INFO = 24625
S_NOTIFY_GUILD_WAR_STATUS_CHANGE = 59271
S_NOTIFY_QUEST_RESTART = 38338
S_NOTIFY_TO_FRIENDS_WALK_INTO_SAME_AREA = 34849
S_NOTIFY_USER_SKILL_POLISHING_LEVEL_UP = 27558
S_NOTIFY_VM_STATUS = 31571
S_NPCGUILD_LIST = 56087
S_NPC_AI_EVENT = 38510
S_NPC_CHANGE_MESH = 20618
S_NPC_INTERACTION_COMBO_INFO = 28751
S_NPC_LOCATION = 21819
S_NPC_MENU_SELECT = 54689
S_NPC_OCCUPIER_INFO = 25150
S_NPC_PARTIAL_DESTRUCT = 27266
S_NPC_PART_BLINK = 64122
S_NPC_PART_BREAK_ACTIVE = 59152
S_NPC_RESPAWN_PLAN_ALARM = 60068
S_NPC_SCALE = 45340
S_NPC_SITUATION = 51841
S_NPC_STATUS = 64153
S_NPC_TARGET_USER = 52405
S_NPC_TRANSLATIONZ = 30097
S_OBTAIN_TOKEN_ITEM = 34574
S_ONGOING_FIELD_EVENT_LIST = 47308
S_ONGOING_LEVEL_EVENT_LIST = 26353
S_OPEN_AWESOMIUM_WEB_URL = 44928
S_OPEN_BOARD = 23646
S_OPEN_CHANGE_CHARACTER_NAME_POPUP = 50363
S_OPEN_CITY_WAR_SEASON_HISTORY = 57820
S_OPEN_DUAL_OPTION_MATERIAL_INFO = 30450
S_OPEN_EPPERK_RESET_POPUP = 64145
S_OPEN_EXPAND_INVEN_WINDOW = 24665
S_OPEN_FLOATING_CASTLE_STORE = 62534
S_OPEN_GUARD_INFO_WINDOW = 56174
S_OPEN_GUILD_FLAG_WINDOW = 60586
S_OPEN_GUILD_LOGO_WINDOW = 56777
S_OPEN_GUILD_WAR_WINDOW = 61956
S_OPEN_RENAME_GUILD_POPUP = 31040
S_OPEN_VM_SELLBUY_WINDOW = 48855
S_OPEN_VM_SETTING_WINDOW = 49860
S_OP_COMMAND = 60242
S_OTHER_USER_APPLY_PARTY = 27458
S_PARCEL_READ_RECV_STATUS = 44771
S_PARCEL_REPORT = 43587
S_PARTY_INFO = 50423
S_PARTY_LOOTING_METHOD = 36293
S_PARTY_LOOTING_METHOD_VOTE = 35248
S_PARTY_MARKER = 37875
S_PARTY_MATCH_LINK = 38492
S_PARTY_MEMBER_ABNORMAL_ADD = 23498
S_PARTY_MEMBER_ABNORMAL_CLEAR = 37533
S_PARTY_MEMBER_ABNORMAL_DEL = 51104
S_PARTY_MEMBER_ABNORMAL_REFRESH = 34846
S_PARTY_MEMBER_BUFF_UPDATE = 28670
S_PARTY_MEMBER_CHANGE_HP = 35012
S_PARTY_MEMBER_CHANGE_MP = 43207
S_PARTY_MEMBER_CHANGE_STAMINA = 41903
S_PARTY_MEMBER_INFO = 59539
S_PARTY_MEMBER_INTERVAL_POS_UPDATE = 20122
S_PARTY_MEMBER_LIST = 41967
S_PARTY_MEMBER_QUEST_DATA = 29531
S_PARTY_MEMBER_STAT_UPDATE = 29088
S_PARTY_NOTIFY_MY_POSITION = 21329
S_PENDING_TRANSFORM_DATA = 52871
S_PETITION_CANCEL = 40750
S_PETITION_CHAT_BEGIN = 22814
S_PETITION_CHAT_END = 46044
S_PETITION_CHAT_GM_MESSAGE = 25180
S_PETITION_CHECK_CREATABLE = 42213
S_PETITION_CHECK_SURVEYABLE = 60475
S_PETITION_COMPLETE = 35333
S_PETITION_CREATE = 58588
S_PETITION_FORCE_CREATE = 53262
S_PETITION_INFO = 51559
S_PET_ATTACKED = 45249
S_PET_DURABILITY_CHANGE = 47632
S_PET_INCUBATOR_INFO_CHANGE = 28373
S_PET_INCUBATOR_PROGRESS = 32605
S_PET_INCUBATOR_SHOW = 44162
S_PET_INFO_CHANGE = 43980
S_PET_INFO_CLEAR = 28192
S_PET_MANAGER_SHOW = 34534
S_PET_STOP_ALERT = 62470
S_PING = 40657
S_PK_END = 35673
S_PK_START = 34706
S_PK_TAG = 36395
S_PLAYER_AUTOPILOT = 28345
S_PLAYER_CHANGE_ACTPOINT = 57105
S_PLAYER_CHANGE_ALL_PROF = 22397
S_PLAYER_CHANGE_DRAIN = 24146
S_PLAYER_CHANGE_EP = 58172
S_PLAYER_CHANGE_EXP = 43295
S_PLAYER_CHANGE_FLIGHT_ENERGY = 65334
S_PLAYER_CHANGE_MP = 34764
S_PLAYER_CHANGE_NOCTAN_COUNT = 44489
S_PLAYER_CHANGE_PROF = 47262
S_PLAYER_CHANGE_STAMINA = 55720
S_PLAYER_LACK_OF_ACTPOINT = 51365
S_PLAYER_RESET_EP = 28687
S_PLAYER_STAT_UPDATE = 22665
S_PLAYER_VEHICLE_EX_STAT_UPDATE = 27308
S_PLAYTIME = 23761
S_PLAYTIME_EVENT_END = 26480
S_PLAYTIME_EVENT_REWARD_DATA = 43255
S_PLAY_ANIMATION = 56816
S_PLAY_EFFECT = 26549
S_PLAY_EVENT_SOUND = 34896
S_PLAY_MAGNETIC = 41293
S_PLAY_MOVIE = 56025
S_PLAY_SOUND = 41472
S_PLAY_SOUND_BYNAME = 20466
S_PLAY_TIME = 37761
S_POINT_STORE_BASKET = 45940
S_POINT_STORE_SELL_LIST = 56319
S_POLITICS_POINT_STORE_BASKET = 64844
S_POLITICS_POINT_STORE_SELL_LIST = 30689
S_POSITION_SWAP = 37713
S_POST_PROCESS = 35621
S_POST_PROCESS_MATERIAL = 41365
S_PRECONFIRM_INVITE_CODE = 46565
S_PREMIUM_COMPOSE_ADD_ITEM = 34109
S_PREMIUM_COMPOSE_DEL_ITEM = 44398
S_PREMIUM_COMPOSE_RESET = 46812
S_PREMIUM_COMPOSE_RESULT = 42929
S_PREMIUM_COMPOSE_START = 34029
S_PREMIUM_COMPOSE_UI_INFO = 62105
S_PREMIUM_SLOT_DATALIST = 45476
S_PREMIUM_SLOT_OFF = 59875
S_PREPARE_CHANGE_USER_APPEARANCE = 40803
S_PREPARE_DONE_WORKOBJECT = 39100
S_PREPARE_EXIT = 23006
S_PREPARE_INGAME_CHANGE_USER_APPEARANCE = 31212
S_PREPARE_RETURN_TO_LOBBY = 43821
S_PREPARE_SELECT_CHANNEL = 59721
S_PREPARE_WORKOBJECT = 52554
S_PREVIEW_ITEM = 23009
S_PRIVATE_CHANNEL_NOTICE = 45503
S_PRIVATE_CHAT = 34513
S_PRODUCE_CRITICAL = 49170
S_PROMOTION_INFO = 25421
S_PROMOTION_PROCESS = 49738
S_PROMOTION_SUCCESS = 63179
S_PROTECT = 41910
S_PURCHASE_PROD = 35408
S_PUSHED_BY_SHIELD = 30899
S_PVE_LEADER_BOARD_INFO = 47276
S_PVE_RANKING_LIST = 28749
S_PVP_LEADER_BOARD_INFO = 23061
S_PVP_RANKING_LIST = 64843
S_QA_SET_ADMIN_LEVEL = 53443
S_QUEST_BALLOON = 59109
S_QUEST_INFO = 28068
S_QUEST_VILLAGER_INFO = 24199
S_RACE_CHANGE_RESTRICTION = 61860
S_RANK_MESSAGE = 40983
S_RANK_POINT_STATUS = 40378
S_READY_PULL = 54272
S_RECEIVE_COLLECTION_BOOK_REWARD = 49048
S_RECEIVE_TOKEN_TARGET_ITEM = 43643
S_RECV_PARCEL = 35635
S_RECV_PARCEL_ALL = 40055
S_RECV_PARCEL_EX = 48013
S_REGISTER_CARD = 31600
S_REGISTER_COMBINE_ITEM = 38625
S_REGISTER_ENCHANT_ITEM = 57076
S_REGISTER_EVOLUTION_ITEM = 50249
S_REGISTER_REPAIR_ITEM = 38173
S_REGISTER_SERVANT_RESULT = 41604
S_REIGN_INFO = 54256
S_REJECT_CONTRACT = 46056
S_REMAIN_PLAY_TIME = 52687
S_REMOVE_BLOCKED_USER = 59329
S_REMOVE_EFFECT = 52930
S_REMOVE_EVENT_MATCHING_QUEST = 24858
S_REMOVE_GUILD_GROUP = 51838
S_REMOVE_GUILD_MEMBER = 23021
S_REMOVE_SOUND_BYNAME = 64663
S_RENAME_ITEMSTRING_START = 58478
S_REPLY_CLIENT_CHAT_OPTION_SETTING = 30676
S_REPLY_CLIENT_UI_SETTING = 44518
S_REPLY_GUILD_LIST = 47940
S_REPLY_GUILD_WANTED_WRITING_LIST = 37312
S_REPLY_INVITE_GUILD_LIST = 36051
S_REPLY_NONDB_ITEM_INFO = 36389
S_REPLY_REQUEST_CONTRACT = 33406
S_REPLY_RET_VILLAGE_INFO = 36492
S_REPLY_SET_GUILD_WANTED_WRITING = 36312
S_REQUEST_ABILITY_TRANSFER = 63570
S_REQUEST_CHANGE_LOOKS_SERVANT = 41959
S_REQUEST_CHANGE_PARTY_MATCH_RULE = 39600
S_REQUEST_CITY_WAR_MAP_INFO = 62550
S_REQUEST_CITY_WAR_MAP_INFO_DETAIL = 27944
S_REQUEST_CITY_WAR_MAP_INFO_END = 40426
S_REQUEST_CONTRACT = 54146
S_REQUEST_COOLTIME_TO_JOIN_GUILD = 24588
S_REQUEST_DEMOLIST_GUILD_TOWER_POPUP = 53126
S_REQUEST_DESPAWN_SERVANT = 59163
S_REQUEST_DUNGEON_MATCHING_UI = 41958
S_REQUEST_FLOATING_CASTLE_PARTS_COOL_TIME = 29699
S_REQUEST_GUILD_FLAG_IMAGE_DATA = 26119
S_REQUEST_GUILD_INFO_BEFORE_APPLY_GUILD = 41003
S_REQUEST_INGAMESTORE_PRODUCT_DETAIL = 42913
S_REQUEST_INGAMESTORE_SALE_PRODUCTLIST = 52268
S_REQUEST_INVITE_GUILD_TAG = 53550
S_REQUEST_JOINED_CHANNEL_LIST = 31336
S_REQUEST_JOIN_GUILD_NOTICE = 60515
S_REQUEST_NAME_PREEMPTION = 41065
S_REQUEST_PET_CONSUME_EXP_ITEM = 61938
S_REQUEST_PRIVATE_CHANNEL_INFO = 51937
S_REQUEST_REACTION_POS_TICK = 56697
S_REQUEST_RENEW_ALL_PARTS_ITEM = 59553
S_REQUEST_SECOND_PASSWORD_AUTH = 37022
S_REQUEST_SECOND_PASSWORD_REGISTER = 42802
S_REQUEST_SERVANT_AUTO_FEED_INFO = 49677
S_REQUEST_SERVANT_AUTO_POTION_INFO = 24403
S_REQUEST_SERVANT_COMPOSE = 62778
S_REQUEST_SERVANT_EVOLUTION = 55357
S_REQUEST_SERVANT_INFO_LIST = 54819
S_REQUEST_SERVANT_LEVEL_UP = 58585
S_REQUEST_SPAWN_SERVANT = 39284
S_REQUEST_STYLE_SHOP_MARK_PRODUCTLIST = 58375
S_REQUEST_UPDATE_CUSTOM_USER_CUSTOMIZING = 49058
S_REQUEST_WRITE_BOARD_RESULT = 28825
S_RESET_ALL_PRODUCT_MARK_EVENT = 22559
S_RESET_EP_PERK = 23203
S_RESET_GUILD_PERK = 26469
S_RESET_SKILL = 41642
S_RESPONSE_ACCESSORY_COST_INFO = 36453
S_RESPONSE_GAMESTAT_PONG = 43773
S_RESPONSE_SERVER_ADMINTOOL_AWESOMIUM_URL = 28434
S_RESPONSE_USE_PREMIUM_SLOT = 57420
S_RESULT_BATTLE_FIELD_CHAT_BAN = 61432
S_RESULT_BIDDING_DICE_THROW = 30540
S_RESULT_CHANGE_CHARACTER_NAME = 49741
S_RESULT_CHANGE_DUAL_OPTION_IDX = 24381
S_RESULT_CHANGE_FRIEND_MEMO = 25765
S_RESULT_CHANGE_MY_PROFILE = 25445
S_RESULT_COMBINE_ITEM = 46815
S_RESULT_ENCHANT = 36354
S_RESULT_EQUIPMENT_INHERITANCE = 62162
S_RESULT_EVENT_SEED = 20016
S_RESULT_EVOLUTION = 49524
S_RESULT_GROUP_DUEL_MSG = 60997
S_RESULT_ITEM_BIDDING = 20928
S_RESULT_ITEM_COLORING = 25626
S_RESULT_LEARN_GUILD_PERK = 41680
S_RESULT_MATERIAL_AWAKEN = 41352
S_RESULT_OPEN_DUAL_OPTION = 39216
S_RESULT_RENAME_GUILD = 43596
S_RESULT_REPAIR_ITEM = 54694
S_RESULT_SEREN_GUIDE = 43878
S_RESULT_USABLE_CHARACTER_NAME = 50179
S_RESULT_USABLE_GUILD_NAME = 42294
S_RETURN_PARCEL = 21556
S_RETURN_TO_LOBBY = 29744
S_RETURN_USER = 60800
S_RETURN_USER_REWARD_END = 44738
S_REWARDNPC_SPAWN_ALARM = 55094
S_REWRITE_ITEM_STRING = 21272
S_RIGHT_ITEM_LIST = 58886
S_ROUND_PVE_BATTLE_FIELD_BOARD = 34134
S_ROUND_PVE_CLOSE_SKILL_UI = 58665
S_ROUND_PVE_OPEN_SKILL_UI = 47698
S_ROUND_PVE_SCORE = 29448
S_ROUND_PVP_BATTLE_FIELD_BOARD = 53356
S_ROUND_RESULT = 32804
S_ROUND_START = 45042
S_RP_ADD_ITEM_TO_DECOMPOSITION_CONTRACT = 61980
S_RP_COMMIT_DECOMPOSITION_CONTRACT = 20780
S_RP_DEL_ITEM_FROM_DECOMPOSITION_CONTRACT = 55330
S_RP_SKILL_POLISHING_CHANGE_OPTION = 45599
S_RP_SKILL_POLISHING_EXP_INFO = 37862
S_RP_SKILL_POLISHING_LIST = 59429
S_RP_SKILL_POLISHING_UNLOCK_OPTION = 61725
S_RP_SKILL_POLISHING_UPGRADE_LEVEL = 55993
S_RP_START_SOCIAL_ON_PROGRESS_DECOMPOSITION = 46541
S_RP_UPDATE_ITEM_TO_DECOMPOSITION_CONTRACT = 43497
S_SAVE_CLIENT_UI_SETTING = 48853
S_SCENARIO_DUNGEON_UI = 37036
S_SECOND_PASSWORD_AUTH_RESULT = 28914
S_SECOND_PASSWORD_REGISTER_RESULT = 28574
S_SELECT_CHANNEL = 50835
S_SELECT_EVENT_MATCHING = 65467
S_SELECT_USER = 55987
S_SEND_CHANGE_REPUTATION_EXP = 37077
S_SEND_CHANGE_REPUTATION_POINT = 36899
S_SEND_PARCEL = 57223
S_SEND_PARCEL_TAX = 32134
S_SEND_QUEST_ITEM_INFO = 56292
S_SEND_ROUND_PVE_SKILL_LIST = 41501
S_SEND_USER_PLAY_TIME = 34838
S_SEND_VIP_SYSTEM_INFO = 22301
S_SERVANT_ABILITY = 51926
S_SERVER_TIME = 30826
S_SET_AWESOMIUM_WEB_URL = 37377
S_SET_FLY_MOVE_INFO = 59315
S_SET_GUILD_JOIN_CONDITION = 42312
S_SET_ITEM_BIDDING_FLAG = 29466
S_SET_ITEM_STRING = 34660
S_SET_KUMAS_BATTLE_FIELD_TREASURE_SCORE = 40094
S_SET_NEW_TERA_USER = 43631
S_SET_POS = 46209
S_SET_RECIPE_BOOKMARK = 42656
S_SET_SEND_PARCEL_ITEM = 42763
S_SET_SEND_PARCEL_MONEY = 23502
S_SET_VISIBLE = 45023
S_SET_WORKOBJECT = 41258
S_SHARE_USER_PING = 55586
S_SHORTCUT_CHANGE = 40762
S_SHOW_ARTISAN_MENU = 26336
S_SHOW_AWESOMIUMWEB_SHOP = 32718
S_SHOW_CANDIDATE_LIST = 64034
S_SHOW_CHANGE_CHARACTER_UI = 59621
S_SHOW_CREST_LEARN = 45977
S_SHOW_DARKRIFT_USER_HP = 23967
S_SHOW_DEAD_CITY_WAR_UI = 41045
S_SHOW_DEAD_UI = 58806
S_SHOW_DUNGEON_RETRY_UI = 25863
S_SHOW_GAGE = 33115
S_SHOW_GUILD_QUEST_LIST = 55569
S_SHOW_HP = 32526
S_SHOW_ITEM_TOOLTIP = 47365
S_SHOW_NAME_PLATE_ICON = 27928
S_SHOW_NPC_TO_MAP = 45693
S_SHOW_PARCEL_MESSAGE = 50235
S_SHOW_PARTY_MATCH_INFO = 37034
S_SHOW_PEGASUS_MAP = 55399
S_SHOW_REVIVE_UI = 54851
S_SHOW_TEMPER_WINDOW = 34464
S_SHOW_TRADE_ITEM = 35400
S_SHOW_TRADE_LOG = 44571
S_SHOW_USER_EP_INFO = 49579
S_SIMPLE_TIP_REPEAT_CHECK = 34937
S_SKILL_ATTENTION_TARGET = 49509
S_SKILL_CATEGORY = 44912
S_SKILL_CHASE_EFFECT_TARGET = 51114
S_SKILL_FORGET = 34568
S_SKILL_LEARN_LIST = 59983
S_SKILL_LEARN_RESULT = 65320
S_SKILL_LIST = 41168
S_SKILL_PERIOD = 57195
S_SKILL_TARGETING_AREA = 53084
S_SNOW_EVENT_BATTLE_FIELD_BOARD = 42828
S_SNOW_EVENT_BATTLE_FIELD_SPAWN_USER = 49342
S_SOCIAL = 29742
S_SOCIAL_CANCEL = 58611
S_SOCIAL_FORGET = 27419
S_SOCIAL_LEARN_RESULT = 63987
S_SPAWN_BONFIRE = 47927
S_SPAWN_BUILD_OBJECT = 51955
S_SPAWN_COLLECTION = 21491
S_SPAWN_DOOR = 23143
S_SPAWN_DROPITEM = 63567
S_SPAWN_EVENT_SEED = 61099
S_SPAWN_GAMBLE_BOX = 28018
S_SPAWN_ME = 54306
S_SPAWN_NPC = 54185
S_SPAWN_PET = 20543
S_SPAWN_PROJECTILE = 54892
S_SPAWN_REMOTE_PROJECTILE = 61678
S_SPAWN_SHUTTLE = 53218
S_SPAWN_STATUE = 35136
S_SPAWN_USER = 32625
S_SPAWN_WORKOBJECT = 37985
S_STAGE_RESULT = 60241
S_START_ACTION_SCRIPT = 56118
S_START_CHANGE_USER_APPEARANCE = 38652
S_START_CHAT_BAN = 32027
S_START_CHAT_BAN_INFINITY = 29406
S_START_CLIENT_CUSTOM_SKILL = 42096
S_START_CLIMBING = 47963
S_START_COMMANDER_SKILL = 21951
S_START_COOLTIME_ITEM = 56973
S_START_COOLTIME_SERVANT_SKILL = 40503
S_START_COOLTIME_SKILL = 23398
S_START_DRIVE_AIRSHIP = 58155
S_START_FISHING_CHARGE = 52021
S_START_FISHING_MINIGAME = 53796
S_START_FIX_SPIRIT = 29191
S_START_FIX_VEHICLE = 65358
S_START_GUILD_QUEST = 20335
S_START_GUILD_WAR = 48083
S_START_INVERSE_CAPTURE = 38845
S_START_LEVEL_COMPENSATION = 64392
S_START_PEGASUS = 39949
S_START_PRODUCE = 44082
S_START_ROUND_PVE_ROUND = 36689
S_START_STACK_ATTENDANCE_EVENT_INFO = 63517
S_START_USER_PROJECTILE = 34823
S_START_VM_BUY = 60387
S_START_VM_SELL = 35761
S_STEER_DEBUG_COMMAND = 22180
S_STICK_TO_USER_END = 21672
S_STICK_TO_USER_START = 56412
S_STOP_VM = 62392
S_STORE_BASKET = 29194
S_STORE_SELL_LIST = 36621
S_STRONGHOLD_OCCUPATION_BATTLE_FIELD_BOARD = 24115
S_STRONGHOLD_OCCUPATION_BATTLE_FIELD_STRONGHOLD_INFO = 39577
S_STR_EVALUATE_LIST = 37455
S_STYLE_SHOP_BUY_TCAT_ITEM = 20265
S_SUCCESS_COUNTER = 49955
S_SUCCESS_STYLE_SHOP_BUY_REPUTATION_ITEM = 35655
S_SUGGEST_DARK_RIFT_PARTY_MATCHING = 23296
S_SURVEY_QUESTION = 31052
S_SWITCH_INFO = 54098
S_SYNC_PEGASUS_TIME = 32802
S_SYSTEM_MESSAGE = 22186
S_SYSTEM_MESSAGE_CUSTOM = 47047
S_SYSTEM_MESSAGE_LOOT_ITEM = 60496
S_SYSTEM_MESSAGE_LOOT_SPECIAL_ITEM = 62095
S_SYSTEM_REWARD_MESSAGE = 29458
S_SYS_PARTY_INFO = 30727
S_TARGET_INFO = 48817
S_TASK_INFO_GUARD = 44050
S_TAX_INFO = 24513
S_TELEPORT_TO_CAMP = 46069
S_TEMPER_MATERIALS = 52511
S_TEMPER_RESULT = 54723
S_TERRITORY_STEP_ENTER = 43175
S_TERRITORY_STEP_LEAVE = 50725
S_TERRITORY_STEP_PROGRESS = 47146
S_TIMEOVER_CONTRACT = 22524
S_TOGGLE_TASK_INFO_WINDOW = 47634
S_TOKEN_POINT_STATUS = 29711
S_TOTAL_GUILD_WAR_DATA = 32702
S_TRADE_ACCEPT = 52963
S_TRADE_BAG_CLOSE = 20580
S_TRADE_BAG_DONE = 36956
S_TRADE_BOX = 63892
S_TRADE_BROKER_BOUGHT_ITEM_LIST = 54659
S_TRADE_BROKER_BUY_IT_NOW = 28246
S_TRADE_BROKER_CALC_NOTIFY = 21194
S_TRADE_BROKER_DEAL_INFO_UPDATE = 35142
S_TRADE_BROKER_DEAL_SUGGESTED = 50318
S_TRADE_BROKER_HIGHEST_ITEM_LEVEL = 64300
S_TRADE_BROKER_HISTORY_ITEM_LIST = 63749
S_TRADE_BROKER_INPUT_PRICE = 47591
S_TRADE_BROKER_REGISTERED_ITEM_LIST = 61136
S_TRADE_BROKER_REQUEST_DEAL_RESULT = 23306
S_TRADE_BROKER_SOLD_ITEM_LIST = 42723
S_TRADE_BROKER_SUGGEST_DEAL = 32235
S_TRADE_BROKER_WAITING_ITEM_LIST = 30365
S_TRADE_MESSAGE = 57181
S_TRANSFER_KUMAS_BATTLE_FIELD_TREASURE = 25094
S_TUTORIAL_PLAY_FINISHED = 25681
S_UNEQUIP_SERVANT_ITEM = 38114
S_UNICAST_FLOATING_CASTLE_INFO = 64972
S_UNICAST_FLOATING_CASTLE_NAMEPLATE = 32346
S_UNICAST_TRANSFORM_DATA = 29825
S_UNMOUNT_CARD = 20833
S_UNMOUNT_VEHICLE = 59659
S_UNMOUNT_VEHICLE_EX = 63310
S_UNREGISTER_COMBINE_ITEM = 25762
S_UNREGISTER_ENCHANT_ITEM = 31693
S_UNREGISTER_EVOLUTION_ITEM = 63362
S_UNREGISTER_REPAIR_ITEM = 39921
S_UPDATE_ACHIEVEMENT_PROGRESS = 20965
S_UPDATE_BIDDING_COUNT = 51634
S_UPDATE_CONTENTS_ON_OFF = 32475
S_UPDATE_EVENT_MATCHING_BONUS_INFO = 22118
S_UPDATE_EVENT_SEED_STATE = 21864
S_UPDATE_EVENT_SYSTEM = 38136
S_UPDATE_EXP_LEVEL = 10034
S_UPDATE_FRIENDSHIP_GAGE = 25720
S_UPDATE_FRIEND_INFO = 37849
S_UPDATE_GAMBLE_BOX_STATE = 45120
S_UPDATE_GUILD_ANNOUNCE = 31090
S_UPDATE_GUILD_FLAG = 27779
S_UPDATE_GUILD_GROUP = 49797
S_UPDATE_GUILD_MEMBER = 64931
S_UPDATE_GUILD_QUEST_STATUS = 37500
S_UPDATE_GUILD_TOWER_INFO = 60303
S_UPDATE_KUMAS_BATTLE_FIELD_TREASURE_INFO = 54051
S_UPDATE_KUMAS_BOSS_POS = 39424
S_UPDATE_LICENSE = 10032
S_UPDATE_NPCGUILD = 29890
S_UPDATE_PARTY_MEMBER_QUEST_DATA = 26787
S_UPDATE_PROF_BUG = 10037
S_UPDATE_PROF_ENERGY = 10038
S_UPDATE_PROF_HERB = 10039
S_UPDATE_PROF_MINERAL = 10036
S_UPDATE_QUEST = 45129
S_UPDATE_SERVANT_INFO = 59800
S_UPDATE_STACK_ATTENDANCE_EVENT_INFO = 64758
S_UPDATE_STACK_ATTENDANCE_EVENT_RESET_TIME = 62335
S_UPDATE_STYLE_SHOP_MARK_PRODUCT = 50076
S_UPDATE_USER_AWAKEN_GRADE = 44123
S_UPDATE_USER_PKDECLARECOUNT = 10041
S_UPDATE_USER_PKDECLARECOUNT2 = 10189
S_UPDATE_USER_PKPOINT = 10043
S_UPDATE_VM_SELLBUY_WINDOW = 57062
S_UPDATE_VM_SETTING_WINDOW = 29579
S_UPDATE_VM_STATUS = 55965
S_USER_AIM = 22834
S_USER_AIM_TO = 27205
S_USER_APPEARANCE_CHANGE = 37502
S_USER_BLOCK_LIST = 26028
S_USER_CHANGE_FACE_CUSTOM = 45254
S_USER_CHANGE_NAME = 21659
S_USER_DEATH = 53073
S_USER_EFFECT = 31325
S_USER_EXTERNAL_CHANGE = 56875
S_USER_FLYING_LOCATION = 35800
S_USER_ITEMLEVEL_INFO = 25739
S_USER_ITEM_EQUIP_CHANGER = 46672
S_USER_LEVELUP = 62538
S_USER_LOCATION = 59395
S_USER_LOCATION_IN_ACTION = 63790
S_USER_MOVETYPE = 40126
S_USER_PAPERDOLL_INFO = 24621
S_USER_PVE_RANKING = 32290
S_USER_PVP_RANKING = 24532
S_USER_REPORT = 44735
S_USER_SITUATION = 50503
S_USER_STATUS = 61607
S_USER_WEAPON_APPEARANCE_CHANGE = 61409
S_USE_CHRONOSCROLL_RESULT = 21971
S_USE_COUPON = 45224
S_USE_JUMPGEAR = 47278
S_USE_RIGHT_ITEM = 49823
S_VEHICLE_EX_ARROW = 55273
S_VERSION_INFO = 32941
S_VIEW_BATTLE_FIELD_RESULT = 42011
S_VIEW_GUILD_WAR = 29572
S_VIEW_INTER_PARTY_MATCH_BATTLEFIELD_LIST = 35089
S_VIEW_INTER_PARTY_MATCH_DUNGOEN_LIST = 56958
S_VIEW_PARTY_INVITE = 29959
S_VIEW_VM_SETTING_WINDOW = 24184
S_VIEW_WARE = 41672
S_VIEW_WARE_EX = 59402
S_VILLAGER_BUFF_INFO = 63993
S_VILLAGER_POPUP_DIALOG = 40397
S_VILLAGE_LIST_TO_TELEPORT = 61222
S_VIP_STORE_ITEM_LIST = 33568
S_VISITED_SECTION_LIST = 52401
S_VISIT_NEW_SECTION = 23602
S_VISIT_NEW_TEL_CAMP = 61454
S_VM_BUY_BASKET_INFO = 29994
S_VM_SELL_BASKET_INFO = 41530
S_VOID_GUARD_INFO = 25935
S_VOTE_DISMISS_PARTY = 58983
S_VOTE_HISTORY = 41675
S_VOTE_RESET_ALL_DUNGEON = 55371
S_VOTE_TO_DUNGEON_MENTO = 30549
S_WAITING_LIST = 45325
S_WATCHED_MOVIES = 52316
S_WEAK_POINT = 43110
S_WELCOME_PET_OWNER = 21387
S_WHISPER = 36639
S_WORK_WORKOBJECT = 29451
S_WORLD_OF_TANK_BATTLE_FIELD_BOARD = 58873
S_WORLD_OF_TANK_BATTLE_FIELD_RESULT = 23506
S_WORLD_QUEST_VILLAGER_INFO = 37183